Archive member included to satisfy reference by file (symbol)

C:/ProgramData/MATLAB/SupportPackages/R2025a/3P.instrset/gnuarm-armcortex.instrset/win/bin/../lib/gcc/arm-none-eabi/13.2.1/thumb/v7e-m+fp/hard\libm.a(libm_a-w_fmod.o)
                              xcp_ext_common.c.o (fmod)
C:/ProgramData/MATLAB/SupportPackages/R2025a/3P.instrset/gnuarm-armcortex.instrset/win/bin/../lib/gcc/arm-none-eabi/13.2.1/thumb/v7e-m+fp/hard\libm.a(libm_a-e_fmod.o)
                              C:/ProgramData/MATLAB/SupportPackages/R2025a/3P.instrset/gnuarm-armcortex.instrset/win/bin/../lib/gcc/arm-none-eabi/13.2.1/thumb/v7e-m+fp/hard\libm.a(libm_a-w_fmod.o) (__ieee754_fmod)
C:/ProgramData/MATLAB/SupportPackages/R2025a/3P.instrset/gnuarm-armcortex.instrset/win/bin/../lib/gcc/arm-none-eabi/13.2.1/thumb/v7e-m+fp/hard\libgcc.a(_arm_muldf3.o)
                              Encoder_reader_simulink.c.o (__aeabi_dmul)
C:/ProgramData/MATLAB/SupportPackages/R2025a/3P.instrset/gnuarm-armcortex.instrset/win/bin/../lib/gcc/arm-none-eabi/13.2.1/thumb/v7e-m+fp/hard\libgcc.a(_arm_addsubdf3.o)
                              Encoder_reader_simulink.c.o (__aeabi_dsub)
C:/ProgramData/MATLAB/SupportPackages/R2025a/3P.instrset/gnuarm-armcortex.instrset/win/bin/../lib/gcc/arm-none-eabi/13.2.1/thumb/v7e-m+fp/hard\libgcc.a(_arm_muldivdf3.o)
                              xcp_ext_common.c.o (__aeabi_ddiv)
C:/ProgramData/MATLAB/SupportPackages/R2025a/3P.instrset/gnuarm-armcortex.instrset/win/bin/../lib/gcc/arm-none-eabi/13.2.1/thumb/v7e-m+fp/hard\libgcc.a(_arm_cmpdf2.o)
                              xcp_ext_mode.c.o (__aeabi_dcmpeq)
C:/ProgramData/MATLAB/SupportPackages/R2025a/3P.instrset/gnuarm-armcortex.instrset/win/bin/../lib/gcc/arm-none-eabi/13.2.1/thumb/v7e-m+fp/hard\libgcc.a(_arm_unorddf2.o)
                              C:/ProgramData/MATLAB/SupportPackages/R2025a/3P.instrset/gnuarm-armcortex.instrset/win/bin/../lib/gcc/arm-none-eabi/13.2.1/thumb/v7e-m+fp/hard\libm.a(libm_a-w_fmod.o) (__aeabi_dcmpun)
C:/ProgramData/MATLAB/SupportPackages/R2025a/3P.instrset/gnuarm-armcortex.instrset/win/bin/../lib/gcc/arm-none-eabi/13.2.1/thumb/v7e-m+fp/hard\libgcc.a(_arm_fixunsdfsi.o)
                              xcp_ext_common.c.o (__aeabi_d2uiz)
C:/ProgramData/MATLAB/SupportPackages/R2025a/3P.instrset/gnuarm-armcortex.instrset/win/bin/../lib/gcc/arm-none-eabi/13.2.1/thumb/v7e-m+fp/hard\libgcc.a(_aeabi_uldivmod.o)
                              stm32g4xx_ll_lpuart.c.o (__aeabi_uldivmod)
C:/ProgramData/MATLAB/SupportPackages/R2025a/3P.instrset/gnuarm-armcortex.instrset/win/bin/../lib/gcc/arm-none-eabi/13.2.1/thumb/v7e-m+fp/hard\libgcc.a(_udivmoddi4.o)
                              C:/ProgramData/MATLAB/SupportPackages/R2025a/3P.instrset/gnuarm-armcortex.instrset/win/bin/../lib/gcc/arm-none-eabi/13.2.1/thumb/v7e-m+fp/hard\libgcc.a(_aeabi_uldivmod.o) (__udivmoddi4)
C:/ProgramData/MATLAB/SupportPackages/R2025a/3P.instrset/gnuarm-armcortex.instrset/win/bin/../lib/gcc/arm-none-eabi/13.2.1/thumb/v7e-m+fp/hard\libgcc.a(_dvmd_tls.o)
                              C:/ProgramData/MATLAB/SupportPackages/R2025a/3P.instrset/gnuarm-armcortex.instrset/win/bin/../lib/gcc/arm-none-eabi/13.2.1/thumb/v7e-m+fp/hard\libgcc.a(_aeabi_uldivmod.o) (__aeabi_ldiv0)
C:/ProgramData/MATLAB/SupportPackages/R2025a/3P.instrset/gnuarm-armcortex.instrset/win/bin/../lib/gcc/arm-none-eabi/13.2.1/thumb/v7e-m+fp/hard\libg_nano.a(libc_a-exit.o)
                              C:/ProgramData/MATLAB/SupportPackages/R2025a/3P.instrset/gnuarm-armcortex.instrset/win/bin/../lib/gcc/arm-none-eabi/13.2.1/thumb/v7e-m+fp/hard/crt0.o (exit)
C:/ProgramData/MATLAB/SupportPackages/R2025a/3P.instrset/gnuarm-armcortex.instrset/win/bin/../lib/gcc/arm-none-eabi/13.2.1/thumb/v7e-m+fp/hard\libg_nano.a(libc_a-findfp.o)
                              C:/ProgramData/MATLAB/SupportPackages/R2025a/3P.instrset/gnuarm-armcortex.instrset/win/bin/../lib/gcc/arm-none-eabi/13.2.1/thumb/v7e-m+fp/hard\libg_nano.a(libc_a-exit.o) (__stdio_exit_handler)
C:/ProgramData/MATLAB/SupportPackages/R2025a/3P.instrset/gnuarm-armcortex.instrset/win/bin/../lib/gcc/arm-none-eabi/13.2.1/thumb/v7e-m+fp/hard\libg_nano.a(libc_a-fwalk.o)
                              C:/ProgramData/MATLAB/SupportPackages/R2025a/3P.instrset/gnuarm-armcortex.instrset/win/bin/../lib/gcc/arm-none-eabi/13.2.1/thumb/v7e-m+fp/hard\libg_nano.a(libc_a-findfp.o) (_fwalk_sglue)
C:/ProgramData/MATLAB/SupportPackages/R2025a/3P.instrset/gnuarm-armcortex.instrset/win/bin/../lib/gcc/arm-none-eabi/13.2.1/thumb/v7e-m+fp/hard\libg_nano.a(libc_a-stdio.o)
                              C:/ProgramData/MATLAB/SupportPackages/R2025a/3P.instrset/gnuarm-armcortex.instrset/win/bin/../lib/gcc/arm-none-eabi/13.2.1/thumb/v7e-m+fp/hard\libg_nano.a(libc_a-findfp.o) (__sread)
C:/ProgramData/MATLAB/SupportPackages/R2025a/3P.instrset/gnuarm-armcortex.instrset/win/bin/../lib/gcc/arm-none-eabi/13.2.1/thumb/v7e-m+fp/hard\libg_nano.a(libc_a-memset.o)
[...]
Memory Configuration

Name             Origin             Length             Attributes
RAM              0x20000000         0x00020000         xrw
FLASH            0x08000000         0x00080000         xr
*default*        0x00000000         0xffffffff

Linker script and memory map

LOAD C:/ProgramData/MATLAB/SupportPackages/R2025a/3P.instrset/gnuarm-armcortex.instrset/win/bin/../lib/gcc/arm-none-eabi/13.2.1/thumb/v7e-m+fp/hard/crti.o
LOAD C:/ProgramData/MATLAB/SupportPackages/R2025a/3P.instrset/gnuarm-armcortex.instrset/win/bin/../lib/gcc/arm-none-eabi/13.2.1/thumb/v7e-m+fp/hard/crtbegin.o
LOAD C:/ProgramData/MATLAB/SupportPackages/R2025a/3P.instrset/gnuarm-armcortex.instrset/win/bin/../lib/gcc/arm-none-eabi/13.2.1/thumb/v7e-m+fp/hard/crt0.o
LOAD xcp_ext_mode.c.o
LOAD Encoder_reader_simulink.c.o
LOAD ert_main.c.o
LOAD xcp_ext_common.c.o
LOAD xcp_ext_classic_trigger.c.o
LOAD xcp.c.o
LOAD xcp_standard.c.o
LOAD xcp_daq.c.o
LOAD xcp_calibration.c.o
LOAD xcp_fifo.c.o
LOAD xcp_transport.c.o
LOAD xcp_mem_default.c.o
LOAD xcp_drv_rtiostream.c.o
LOAD xcp_utils.c.o
LOAD xcp_frame_serial.c.o
LOAD xcp_ext_param_default_serial.c.o
LOAD overrideHALDelay.c.o
LOAD platform_timer.c.o
LOAD SysTickScheduler.c.o
LOAD m3m4m4f_multitasking.c.o
LOAD rtiostream_serial.c.o
LOAD stm_usart.c.o
LOAD stm_lpuart.c.o
LOAD sys_arch_arm.c.o
LOAD main.c.o
LOAD stm32g4xx_it.c.o
LOAD stm32g4xx_hal_msp.c.o
LOAD stm32g4xx_hal_timebase_tim.c.o
LOAD stm32g4xx_ll_utils.c.o
LOAD stm32g4xx_ll_exti.c.o
LOAD stm32g4xx_hal_tim.c.o
LOAD stm32g4xx_hal_tim_ex.c.o
LOAD stm32g4xx_ll_gpio.c.o
LOAD stm32g4xx_ll_adc.c.o
LOAD stm32g4xx_ll_dma.c.o
LOAD stm32g4xx_ll_pwr.c.o
LOAD stm32g4xx_hal.c.o
LOAD stm32g4xx_hal_rcc.c.o
LOAD stm32g4xx_hal_rcc_ex.c.o
LOAD stm32g4xx_hal_flash.c.o
LOAD stm32g4xx_hal_flash_ex.c.o
LOAD stm32g4xx_hal_flash_ramfunc.c.o
LOAD stm32g4xx_hal_gpio.c.o
LOAD stm32g4xx_hal_exti.c.o
LOAD stm32g4xx_hal_dma.c.o
LOAD stm32g4xx_hal_dma_ex.c.o
LOAD stm32g4xx_hal_pwr.c.o
LOAD stm32g4xx_hal_pwr_ex.c.o
LOAD stm32g4xx_hal_cortex.c.o
LOAD stm32g4xx_ll_lpuart.c.o
LOAD stm32g4xx_ll_rcc.c.o
LOAD stm32g4xx_ll_tim.c.o
LOAD system_stm32g4xx.c.o
LOAD syscalls.c.o
LOAD sysmem.c.o
LOAD startup_stm32g474retx.s.o
LOAD stm_timer_ll.c.o
LOAD C:/ProgramData/MATLAB/SupportPackages/R2025a/3P.instrset/cmsis_dsp.instrset/Lib/GCC/arm_cortexm4ldfsp_math/libCMSISDSP.a
LOAD C:/ProgramData/MATLAB/SupportPackages/R2025a/toolbox/shared/supportpackages/stm32/lib/GCC/libmw_pdmfilter_m4_spfp.lib
LOAD C:/ProgramData/MATLAB/SupportPackages/R2025a/3P.instrset/gnuarm-armcortex.instrset/win/bin/../lib/gcc/arm-none-eabi/13.2.1/thumb/v7e-m+fp/hard\libstdc++_nano.a
LOAD C:/ProgramData/MATLAB/SupportPackages/R2025a/3P.instrset/gnuarm-armcortex.instrset/win/bin/../lib/gcc/arm-none-eabi/13.2.1/thumb/v7e-m+fp/hard\libm.a
START GROUP
LOAD C:/ProgramData/MATLAB/SupportPackages/R2025a/3P.instrset/gnuarm-armcortex.instrset/win/bin/../lib/gcc/arm-none-eabi/13.2.1/thumb/v7e-m+fp/hard\libgcc.a
LOAD C:/ProgramData/MATLAB/SupportPackages/R2025a/3P.instrset/gnuarm-armcortex.instrset/win/bin/../lib/gcc/arm-none-eabi/13.2.1/thumb/v7e-m+fp/hard\libg_nano.a
LOAD C:/ProgramData/MATLAB/SupportPackages/R2025a/3P.instrset/gnuarm-armcortex.instrset/win/bin/../lib/gcc/arm-none-eabi/13.2.1/thumb/v7e-m+fp/hard\libc_nano.a
END GROUP
START GROUP
LOAD C:/ProgramData/MATLAB/SupportPackages/R2025a/3P.instrset/gnuarm-armcortex.instrset/win/bin/../lib/gcc/arm-none-eabi/13.2.1/thumb/v7e-m+fp/hard\libgcc.a
LOAD C:/ProgramData/MATLAB/SupportPackages/R2025a/3P.instrset/gnuarm-armcortex.instrset/win/bin/../lib/gcc/arm-none-eabi/13.2.1/thumb/v7e-m+fp/hard\libc_nano.a
LOAD C:/ProgramData/MATLAB/SupportPackages/R2025a/3P.instrset/gnuarm-armcortex.instrset/win/bin/../lib/gcc/arm-none-eabi/13.2.1/thumb/v7e-m+fp/hard\libnosys.a
END GROUP
START GROUP
LOAD C:/ProgramData/MATLAB/SupportPackages/R2025a/3P.instrset/gnuarm-armcortex.instrset/win/bin/../lib/gcc/arm-none-eabi/13.2.1/thumb/v7e-m+fp/hard\libgcc.a
LOAD C:/ProgramData/MATLAB/SupportPackages/R2025a/3P.instrset/gnuarm-armcortex.instrset/win/bin/../lib/gcc/arm-none-eabi/13.2.1/thumb/v7e-m+fp/hard\libc_nano.a
LOAD C:/ProgramData/MATLAB/SupportPackages/R2025a/3P.instrset/gnuarm-armcortex.instrset/win/bin/../lib/gcc/arm-none-eabi/13.2.1/thumb/v7e-m+fp/hard\libnosys.a
END GROUP
LOAD C:/ProgramData/MATLAB/SupportPackages/R2025a/3P.instrset/gnuarm-armcortex.instrset/win/bin/../lib/gcc/arm-none-eabi/13.2.1/thumb/v7e-m+fp/hard/crtend.o
LOAD C:/ProgramData/MATLAB/SupportPackages/R2025a/3P.instrset/gnuarm-armcortex.instrset/win/bin/../lib/gcc/arm-none-eabi/13.2.1/thumb/v7e-m+fp/hard/crtn.o
                0x20020000                        _estack = (ORIGIN (RAM) + LENGTH (RAM))
                0x00000200                        _Min_Heap_Size = 0x200
                0x00000400                        _Min_Stack_Size = 0x400

.isr_vector     0x08000000      0x1d8
                0x08000000                        . = ALIGN (0x4)
 *(.isr_vector)
 .isr_vector    0x08000000      0x1d8 startup_stm32g474retx.s.o
                0x08000000                g_pfnVectors
                0x080001d8                        . = ALIGN (0x4)

.text           0x080001d8     0xcf0c
                0x080001d8                        . = ALIGN (0x4)
 *(.text)
 .text          0x080001d8      0x378 C:/ProgramData/MATLAB/SupportPackages/R2025a/3P.instrset/gnuarm-armcortex.instrset/win/bin/../lib/gcc/arm-none-eabi/13.2.1/thumb/v7e-m+fp/hard\libgcc.a(_arm_addsubdf3.o)
                0x080001d8                __aeabi_drsub
                0x080001e0                __aeabi_dsub
                0x080001e0                __subdf3
                0x080001e4                __aeabi_dadd
                0x080001e4                __adddf3
                0x0800045c                __floatunsidf
                0x0800045c                __aeabi_ui2d
                0x0800047c                __floatsidf
                0x0800047c                __aeabi_i2d
                0x080004a0                __aeabi_f2d
                0x080004a0                __extendsfdf2
                0x080004e4                __floatundidf
                0x080004e4                __aeabi_ul2d
                0x080004f4                __floatdidf
                0x080004f4                __aeabi_l2d
 .text          0x08000550      0x424 C:/ProgramData/MATLAB/SupportPackages/R2025a/3P.instrset/gnuarm-armcortex.instrset/win/bin/../lib/gcc/arm-none-eabi/13.2.1/thumb/v7e-m+fp/hard\libgcc.a(_arm_muldivdf3.o)
                0x08000550                __aeabi_dmul
                0x08000550                __muldf3
                0x080007a4                __divdf3
                0x080007a4                __aeabi_ddiv
 .text          0x08000974      0x110 C:/ProgramData/MATLAB/SupportPackages/R2025a/3P.instrset/gnuarm-armcortex.instrset/win/bin/../lib/gcc/arm-none-eabi/13.2.1/thumb/v7e-m+fp/hard\libgcc.a(_arm_cmpdf2.o)
                0x08000974                __gtdf2
                0x08000974                __gedf2
                0x0800097c                __ltdf2
                0x0800097c                __ledf2
                0x08000984                __nedf2
                0x08000984                __eqdf2
                0x08000984                __cmpdf2
                0x08000a00                __aeabi_cdrcmple
                0x08000a10                __aeabi_cdcmpeq
                0x08000a10                __aeabi_cdcmple
                0x08000a20                __aeabi_dcmpeq
                0x08000a34                __aeabi_dcmplt
                0x08000a48                __aeabi_dcmple
                0x08000a5c                __aeabi_dcmpge
                0x08000a70                __aeabi_dcmpgt
 .text          0x08000a84       0x2c C:/ProgramData/MATLAB/SupportPackages/R2025a/3P.instrset/gnuarm-armcortex.instrset/win/bin/../lib/gcc/arm-none-eabi/13.2.1/thumb/v7e-m+fp/hard\libgcc.a(_arm_unorddf2.o)
                0x08000a84                __unorddf2
                0x08000a84                __aeabi_dcmpun
 .text          0x08000ab0       0x40 C:/ProgramData/MATLAB/SupportPackages/R2025a/3P.instrset/gnuarm-armcortex.instrset/win/bin/../lib/gcc/arm-none-eabi/13.2.1/thumb/v7e-m+fp/hard\libgcc.a(_arm_fixunsdfsi.o)
                0x08000ab0                __aeabi_d2uiz
                0x08000ab0                __fixunsdfsi
 .text          0x08000af0       0x30 C:/ProgramData/MATLAB/SupportPackages/R2025a/3P.instrset/gnuarm-armcortex.instrset/win/bin/../lib/gcc/arm-none-eabi/13.2.1/thumb/v7e-m+fp/hard\libgcc.a(_aeabi_uldivmod.o)
                0x08000af0                __aeabi_uldivmod
 .text          0x08000b20        0x4 C:/ProgramData/MATLAB/SupportPackages/R2025a/3P.instrset/gnuarm-armcortex.instrset/win/bin/../lib/gcc/arm-none-eabi/13.2.1/thumb/v7e-m+fp/hard\libgcc.a(_dvmd_tls.o)
                0x08000b20                __aeabi_idiv0
                0x08000b20                __aeabi_ldiv0
 *(.text*)
 .text.deregister_tm_clones
                0x08000b24       0x1c C:/ProgramData/MATLAB/SupportPackages/R2025a/3P.instrset/gnuarm-armcortex.instrset/win/bin/../lib/gcc/arm-none-eabi/13.2.1/thumb/v7e-m+fp/hard/crtbegin.o
 .text.register_tm_clones
                0x08000b40       0x24 C:/ProgramData/MATLAB/SupportPackages/R2025a/3P.instrset/gnuarm-armcortex.instrset/win/bin/../lib/gcc/arm-none-eabi/13.2.1/thumb/v7e-m+fp/hard/crtbegin.o
 .text.__do_global_dtors_aux
                0x08000b64       0x28 C:/ProgramData/MATLAB/SupportPackages/R2025a/3P.instrset/gnuarm-armcortex.instrset/win/bin/../lib/gcc/arm-none-eabi/13.2.1/thumb/v7e-m+fp/hard/crtbegin.o
 .text.frame_dummy
                0x08000b8c       0x24 C:/ProgramData/MATLAB/SupportPackages/R2025a/3P.instrset/gnuarm-armcortex.instrset/win/bin/../lib/gcc/arm-none-eabi/13.2.1/thumb/v7e-m+fp/hard/crtbegin.o
 .text.extmodeParseArgs
                0x08000bb0       0x1e xcp_ext_mode.c.o
                0x08000bb0                extmodeParseArgs
 *fill*         0x08000bce        0x2 
 .text.extmodeInit
                0x08000bd0      0x128 xcp_ext_mode.c.o
                0x08000bd0                extmodeInit
 .text.extmodeWaitForHostRequest
                0x08000cf8       0xcc xcp_ext_mode.c.o
                0x08000cf8                extmodeWaitForHostRequest
 .text.extmodeEvent
                0x08000dc4       0xfc xcp_ext_mode.c.o
                0x08000dc4                extmodeEvent
 .text.extmodeBackgroundRun
                0x08000ec0       0x20 xcp_ext_mode.c.o
                0x08000ec0                extmodeBackgroundRun
 .text.extmodeReset
                0x08000ee0       0x40 xcp_ext_mode.c.o
                0x08000ee0                extmodeReset
 .text.extmodeStopRequested
                0x08000f20       0x18 xcp_ext_mode.c.o
                0x08000f20                extmodeStopRequested
 .text.extmodeSimulationComplete
                0x08000f38       0x18 xcp_ext_mode.c.o
                0x08000f38                extmodeSimulationComplete
 .text.LL_TIM_EnableCounter
                0x08000f50       0x20 Encoder_reader_simulink.c.o
 .text.LL_TIM_DisableCounter
                0x08000f70       0x20 Encoder_reader_simulink.c.o
 .text.LL_TIM_SetUpdateSource
                0x08000f90       0x26 Encoder_reader_simulink.c.o
 .text.LL_TIM_GetUpdateSource
                0x08000fb6       0x1c Encoder_reader_simulink.c.o
 .text.LL_TIM_SetRepetitionCounter
                0x08000fd2       0x1c Encoder_reader_simulink.c.o
 .text.LL_TIM_GenerateEvent_UPDATE
                0x08000fee       0x20 Encoder_reader_simulink.c.o
 .text.LL_GPIO_ReadInputPort
                0x0800100e       0x18 Encoder_reader_simulink.c.o
 *fill*         0x08001026        0x2 
 .text.isSlaveTriggerModeEnabled
                0x08001028       0x30 Encoder_reader_simulink.c.o
 .text.enableCounter
                0x08001058      0x118 Encoder_reader_simulink.c.o
 .text.disableCounter
                0x08001170       0x1a Encoder_reader_simulink.c.o
 *fill*         0x0800118a        0x2 
 .text.Encoder_reader_SystemCore_setup
                0x0800118c       0x94 Encoder_reader_simulink.c.o
 .text.Encoder_reader_simulink_step
                0x08001220      0x1a8 Encoder_reader_simulink.c.o
                0x08001220                Encoder_reader_simulink_step
 .text.Encoder_reader_simulink_initialize
                0x080013c8       0xdc Encoder_reader_simulink.c.o
                0x080013c8                Encoder_reader_simulink_initialize
 .text.Encoder_reader_simulink_terminate
                0x080014a4       0x74 Encoder_reader_simulink.c.o
                0x080014a4                Encoder_reader_simulink_terminate
 .text.rt_OneStep
                0x08001518       0x78 ert_main.c.o
                0x08001518                rt_OneStep
 .text.main     0x08001590      0x190 ert_main.c.o
                0x08001590                main
 .text.xcp_void_printf
                0x08001720       0x12 xcp_ext_common.c.o
                0x08001720                xcp_void_printf
 .text.xcpCopyTimeValue
                0x08001732       0x26 xcp_ext_common.c.o
 .text.xcpExtModeUpdateTime
                0x08001758      0x13c xcp_ext_common.c.o
                0x08001758                xcpExtModeUpdateTime
 .text.xcpExtModeInit
                0x08001894       0xb0 xcp_ext_common.c.o
                0x08001894                xcpExtModeInit
 .text.xcpExtModeRunBackground
                0x08001944      0x13c xcp_ext_common.c.o
                0x08001944                xcpExtModeRunBackground
 .text.xcpExtModeReset
                0x08001a80      0x128 xcp_ext_common.c.o
                0x08001a80                xcpExtModeReset
 .text.sampleSignalTrigger
                0x08001ba8      0x1b4 xcp_ext_classic_trigger.c.o
 .text.updateTriggerStatus
                0x08001d5c      0x2b8 xcp_ext_classic_trigger.c.o
 .text.xcpExtModeClassicTriggerInit
                0x08002014       0x68 xcp_ext_classic_trigger.c.o
                0x08002014                xcpExtModeClassicTriggerInit
 .text.xcpExtModeClassicTriggerEnabled
                0x0800207c      0x100 xcp_ext_classic_trigger.c.o
                0x0800207c                xcpExtModeClassicTriggerEnabled
 .text.xcpExtModeClassicTriggerReset
                0x0800217c       0xf4 xcp_ext_classic_trigger.c.o
                0x0800217c                xcpExtModeClassicTriggerReset
 .text.xcpExtModeClassicTriggerForceEnableStatusUpdate
                0x08002270       0x78 xcp_ext_classic_trigger.c.o
                0x08002270                xcpExtModeClassicTriggerForceEnableStatusUpdate
 .text.msgBufferRealloc
                0x080022e8       0x72 xcp.c.o
 *fill*         0x0800235a        0x2 
 .text.discardInputPacketHandler
                0x0800235c       0x3c xcp.c.o
 .text.unknownInputPacketHandler
                0x08002398       0x34 xcp.c.o
 .text.xcpGetPacketGroupID
                0x080023cc       0x74 xcp.c.o
 .text.xcpGetPacketHandlers
                0x08002440      0x124 xcp.c.o
 .text.xcpStatusSet
                0x08002564       0x20 xcp.c.o
                0x08002564                xcpStatusSet
 .text.xcpSessionStatusGet
                0x08002584       0x18 xcp.c.o
                0x08002584                xcpSessionStatusGet
 .text.xcpSessionStatusSetMask
                0x0800259c       0x28 xcp.c.o
                0x0800259c                xcpSessionStatusSetMask
 .text.xcpSessionStatusClearMask
                0x080025c4       0x34 xcp.c.o
                0x080025c4                xcpSessionStatusClearMask
 .text.xcpResourceProtectionStatusGet
                0x080025f8       0x18 xcp.c.o
                0x080025f8                xcpResourceProtectionStatusGet
 .text.xcpSessionConfigurationIdGet
                0x08002610       0x18 xcp.c.o
                0x08002610                xcpSessionConfigurationIdGet
 .text.genericOutputPacketHandler
                0x08002628      0x11c xcp.c.o
                0x08002628                genericOutputPacketHandler
 .text.xcpFindPacket
                0x08002744       0x6e xcp.c.o
                0x08002744                xcpFindPacket
 *fill*         0x080027b2        0x2 
 .text.xcpInit  0x080027b4       0x64 xcp.c.o
                0x080027b4                xcpInit
 .text.xcpRun   0x08002818      0x194 xcp.c.o
                0x08002818                xcpRun
 .text.xcpEvent
                0x080029ac       0x50 xcp.c.o
                0x080029ac                xcpEvent
 .text.xcpGetStatus
                0x080029fc       0x18 xcp.c.o
                0x080029fc                xcpGetStatus
 .text.xcpReset
                0x08002a14       0x40 xcp.c.o
                0x08002a14                xcpReset
 .text.xcpPackedModeEventsFlush
                0x08002a54       0x1e xcp.c.o
                0x08002a54                xcpPackedModeEventsFlush
 .text.xcpPackedModeEventReset
                0x08002a72       0x2a xcp.c.o
                0x08002a72                xcpPackedModeEventReset
 .text.isValidUploadSize
                0x08002a9c       0x30 xcp_standard.c.o
 .text.xcpMemcpyFromMTA
                0x08002acc       0x38 xcp_standard.c.o
 .text.connectInputPacketHandler
                0x08002b04       0xa4 xcp_standard.c.o
 .text.connectOutputPacketHandler
                0x08002ba8       0xd4 xcp_standard.c.o
 .text.disconnectInputPacketHandler
                0x08002c7c       0x54 xcp_standard.c.o
 .text.getStatusInputPacketHandler
                0x08002cd0       0x28 xcp_standard.c.o
 .text.getStatusOutputPacketHandler
                0x08002cf8       0x80 xcp_standard.c.o
 .text.synchInputPacketHandler
                0x08002d78       0x44 xcp_standard.c.o
 .text.setMTAInputPacketHandler
                0x08002dbc       0x78 xcp_standard.c.o
 .text.uploadInputPacketHandler
                0x08002e34       0x98 xcp_standard.c.o
 .text.uploadOutputPacketHandler
                0x08002ecc       0x9c xcp_standard.c.o
 .text.shortUploadInputPacketHandler
                0x08002f68       0xa4 xcp_standard.c.o
 .text.shortUploadOutputPacketHandler
                0x0800300c       0x9c xcp_standard.c.o
 .text.getPacket
                0x080030a8       0x24 xcp_standard.c.o
 .text.xcpStandardInit
                0x080030cc       0x18 xcp_standard.c.o
                0x080030cc                xcpStandardInit
 .text.xcpStandardGetPacketLookup
                0x080030e4       0x18 xcp_standard.c.o
                0x080030e4                xcpStandardGetPacketLookup
 .text.xcpStandardSetPacketLookup
                0x080030fc       0x20 xcp_standard.c.o
                0x080030fc                xcpStandardSetPacketLookup
 .text.xcpStandardReset
                0x0800311c       0x12 xcp_standard.c.o
                0x0800311c                xcpStandardReset
 *fill*         0x0800312e        0x2 
 .text.xcpStandardGetAddressFromMta
                0x08003130       0x18 xcp_standard.c.o
                0x08003130                xcpStandardGetAddressFromMta
 .text.xcpStandardSetMta
                0x08003148       0x3c xcp_standard.c.o
                0x08003148                xcpStandardSetMta
 .text.xcpStandardIncrementMta
                0x08003184       0x28 xcp_standard.c.o
                0x08003184                xcpStandardIncrementMta
 .text.xcpStandardExtendedInit
                0x080031ac        0xe xcp_standard.c.o
                0x080031ac                xcpStandardExtendedInit
 .text.xcpStandardExtendedReset
                0x080031ba        0xe xcp_standard.c.o
                0x080031ba                xcpStandardExtendedReset
 .text.xcpDaqWriteLock
                0x080031c8       0x4c xcp_daq.c.o
 .text.xcpDaqWriteUnlock
                0x08003214       0x20 xcp_daq.c.o
 .text.xcpDaqReadLock
                0x08003234       0x38 xcp_daq.c.o
 .text.xcpDaqReadUnlock
                0x0800326c       0x38 xcp_daq.c.o
 .text.isActiveDaqList
                0x080032a4       0x50 xcp_daq.c.o
 .text.noActiveDaqLists
                0x080032f4       0x50 xcp_daq.c.o
 .text.isValidDaqPtr
                0x08003344       0xb8 xcp_daq.c.o
 .text.isValidDaqEntry
                0x080033fc       0x36 xcp_daq.c.o
 .text.isSupportedDaqListMode
                0x08003432       0x26 xcp_daq.c.o
 .text.isValidStartStopMode
                0x08003458       0x32 xcp_daq.c.o
 .text.isValidStartStopSynchMode
                0x0800348a       0x32 xcp_daq.c.o
 .text.absoluteOdtNumberIdentification
                0x080034bc       0x10 xcp_daq.c.o
 .text.isDaqPackedModeEnabled
                0x080034cc       0x6c xcp_daq.c.o
 .text.odtPacketSize
                0x08003538       0x54 xcp_daq.c.o
 .text.createDaqReservedPool
                0x0800358c       0x88 xcp_daq.c.o
 .text.destroyDaqReservedPool
                0x08003614       0x2c xcp_daq.c.o
 .text.setDaqPtrInputPacketHandler
                0x08003640       0xdc xcp_daq.c.o
 .text.writeDaqInputPacketHandler
                0x0800371c      0x198 xcp_daq.c.o
 .text.setDaqListModeInputPacketHandler
                0x080038b4      0x1c8 xcp_daq.c.o
 .text.startStopDaqListInputPacketHandler
                0x08003a7c      0x3f4 xcp_daq.c.o
 .text.startStopDaqListOutputPacketHandler
                0x08003e70       0x5c xcp_daq.c.o
 .text.startStopSynchInputPacketHandler
                0x08003ecc      0x328 xcp_daq.c.o
 .text.getDaqProcessorInfoInputPacketHandler
                0x080041f4       0x28 xcp_daq.c.o
 .text.getDaqProcessorInfoOutputPacketHandler
                0x0800421c       0xac xcp_daq.c.o
 .text.getDaqResolutionInfoInputPacketHandler
                0x080042c8       0x28 xcp_daq.c.o
 .text.getDaqResolutionInfoOutputPacketHandler
                0x080042f0       0xb8 xcp_daq.c.o
 .text.freeDaqInputPacketHandler
                0x080043a8       0x5c xcp_daq.c.o
 .text.allocDaqInputPacketHandler
                0x08004404      0x18c xcp_daq.c.o
 .text.allocOdtInputPacketHandler
                0x08004590      0x1c0 xcp_daq.c.o
 .text.allocOdtEntryInputPacketHandler
                0x08004750      0x270 xcp_daq.c.o
 .text.getDaqClockInputPacketHandler
                0x080049c0       0x22 xcp_daq.c.o
 *fill*         0x080049e2        0x2 
 .text.setDaqPackedModeInputPacketHandler
                0x080049e4      0x21c xcp_daq.c.o
 .text.level1CommandInputPacketHandler
                0x08004c00       0x64 xcp_daq.c.o
 .text.getPacket
                0x08004c64       0x24 xcp_daq.c.o
 .text.xcpDaqInit
                0x08004c88       0x38 xcp_daq.c.o
                0x08004c88                xcpDaqInit
 .text.xcpDaqGetPacketLookup
                0x08004cc0       0x18 xcp_daq.c.o
                0x08004cc0                xcpDaqGetPacketLookup
 .text.xcpDaqSetPacketLookup
                0x08004cd8       0x20 xcp_daq.c.o
                0x08004cd8                xcpDaqSetPacketLookup
 .text.xcpResetDaq
                0x08004cf8       0xa4 xcp_daq.c.o
 .text.daqWriteXCPDataForOdt
                0x08004d9c       0x7c xcp_daq.c.o
 .text.odtWriteEntries
                0x08004e18       0x9c xcp_daq.c.o
 .text.xcpProcessDaq
                0x08004eb4      0x208 xcp_daq.c.o
 .text.xcpDaqEvent
                0x080050bc      0x108 xcp_daq.c.o
                0x080050bc                xcpDaqEvent
 .text.xcpDaqEventsFlush
                0x080051c4      0x284 xcp_daq.c.o
                0x080051c4                xcpDaqEventsFlush
 .text.xcpDaqLock
                0x08005448       0x1e xcp_daq.c.o
                0x08005448                xcpDaqLock
 .text.xcpDaqUnlock
                0x08005466        0xe xcp_daq.c.o
                0x08005466                xcpDaqUnlock
 .text.xcpResetDaqListStatus
                0x08005474      0x19c xcp_daq.c.o
                0x08005474                xcpResetDaqListStatus
 .text.xcpDaqReset
                0x08005610       0x20 xcp_daq.c.o
                0x08005610                xcpDaqReset
 .text.xcpDaqExtendedInit
                0x08005630        0xe xcp_daq.c.o
                0x08005630                xcpDaqExtendedInit
 .text.xcpDaqExtendedReset
                0x0800563e        0xe xcp_daq.c.o
                0x0800563e                xcpDaqExtendedReset
 .text.isValidShortDownloadSize
                0x0800564c       0x34 xcp_calibration.c.o
 .text.isValidDownloadSize
                0x08005680       0x3a xcp_calibration.c.o
 *fill*         0x080056ba        0x2 
 .text.xcpMemcpyToMTA
                0x080056bc       0x34 xcp_calibration.c.o
 .text.downloadInputPacketHandler
                0x080056f0       0xb0 xcp_calibration.c.o
 .text.shortDownloadInputPacketHandler
                0x080057a0       0xb8 xcp_calibration.c.o
 .text.getPacket
                0x08005858       0x24 xcp_calibration.c.o
 .text.xcpCalibrationInit
                0x0800587c       0x14 xcp_calibration.c.o
                0x0800587c                xcpCalibrationInit
 .text.xcpCalibrationGetPacketLookup
                0x08005890       0x18 xcp_calibration.c.o
                0x08005890                xcpCalibrationGetPacketLookup
 .text.xcpCalibrationSetPacketLookup
                0x080058a8       0x20 xcp_calibration.c.o
                0x080058a8                xcpCalibrationSetPacketLookup
 .text.xcpCalibrationReset
                0x080058c8        0xe xcp_calibration.c.o
                0x080058c8                xcpCalibrationReset
 .text.xcpFifoInit
                0x080058d6       0x20 xcp_fifo.c.o
                0x080058d6                xcpFifoInit
 .text.xcpFifoEnqueue
                0x080058f6       0x2a xcp_fifo.c.o
                0x080058f6                xcpFifoEnqueue
 .text.xcpFifoDequeue
                0x08005920       0x3e xcp_fifo.c.o
                0x08005920                xcpFifoDequeue
 .text.xcpFifoEnqueueHead
                0x0800595e       0x32 xcp_fifo.c.o
                0x0800595e                xcpFifoEnqueueHead
 .text.xcpFifoReset
                0x08005990       0x16 xcp_fifo.c.o
                0x08005990                xcpFifoReset
 *fill*         0x080059a6        0x2 
 .text.xcpTransportEmptyTxFifo
                0x080059a8       0x6c xcp_transport.c.o
 .text.xcpTransportEmptyRxFifo
                0x08005a14       0x6c xcp_transport.c.o
 .text.xcpTransportInit
                0x08005a80      0x138 xcp_transport.c.o
                0x08005a80                xcpTransportInit
 .text.xcpTransportTxReady
                0x08005bb8       0x1a xcp_transport.c.o
                0x08005bb8                xcpTransportTxReady
 .text.xcpTransportTxTrigger
                0x08005bd2       0x1a xcp_transport.c.o
                0x08005bd2                xcpTransportTxTrigger
 .text.xcpTransportTxPacketSet
                0x08005bec      0x144 xcp_transport.c.o
                0x08005bec                xcpTransportTxPacketSet
 .text.xcpTransportTx
                0x08005d30       0xec xcp_transport.c.o
                0x08005d30                xcpTransportTx
 .text.xcpTransportRx
                0x08005e1c       0x80 xcp_transport.c.o
                0x08005e1c                xcpTransportRx
 .text.xcpTransportRxPacketGet
                0x08005e9c      0x12c xcp_transport.c.o
                0x08005e9c                xcpTransportRxPacketGet
 .text.xcpTransportPacketOffset
                0x08005fc8       0x20 xcp_transport.c.o
                0x08005fc8                xcpTransportPacketOffset
 .text.xcpTransportMsgBufferSize
                0x08005fe8       0x70 xcp_transport.c.o
                0x08005fe8                xcpTransportMsgBufferSize
 .text.xcpTransportMaxDtoSize
                0x08006058        0xe xcp_transport.c.o
                0x08006058                xcpTransportMaxDtoSize
 .text.xcpTransportMaxCtoSize
                0x08006066        0xe xcp_transport.c.o
                0x08006066                xcpTransportMaxCtoSize
 .text.xcpTransportRestart
                0x08006074       0x44 xcp_transport.c.o
                0x08006074                xcpTransportRestart
 .text.xcpTransportResynch
                0x080060b8       0x40 xcp_transport.c.o
                0x080060b8                xcpTransportResynch
 .text.xcpTransportCtoReservedMemPoolId
                0x080060f8       0x18 xcp_transport.c.o
                0x080060f8                xcpTransportCtoReservedMemPoolId
 .text.xcpTransportReset
                0x08006110       0xe4 xcp_transport.c.o
                0x08006110                xcpTransportReset
 .text.xcpInitializePoolMemoryArea
                0x080061f4       0x72 xcp_mem_default.c.o
 *fill*         0x08006266        0x2 
 .text.xcpMemInit
                0x08006268      0x1d4 xcp_mem_default.c.o
                0x08006268                xcpMemInit
 .text.xcpMemAlloc
                0x0800643c       0xe8 xcp_mem_default.c.o
                0x0800643c                xcpMemAlloc
 .text.xcpMemFree
                0x08006524      0x170 xcp_mem_default.c.o
                0x08006524                xcpMemFree
 .text.xcpMemReservedPoolCreate
                0x08006694      0x224 xcp_mem_default.c.o
                0x08006694                xcpMemReservedPoolCreate
 .text.xcpMemReservedPoolDestroy
                0x080068b8      0x158 xcp_mem_default.c.o
                0x080068b8                xcpMemReservedPoolDestroy
 .text.xcpMemCustomPoolCreate
                0x08006a10       0xbc xcp_mem_default.c.o
                0x08006a10                xcpMemCustomPoolCreate
 .text.xcpMemCustomPoolDestroy
                0x08006acc       0x64 xcp_mem_default.c.o
                0x08006acc                xcpMemCustomPoolDestroy
 .text.xcpMemAllocFromPool
                0x08006b30      0x170 xcp_mem_default.c.o
                0x08006b30                xcpMemAllocFromPool
 .text.xcpMemReset
                0x08006ca0       0x50 xcp_mem_default.c.o
                0x08006ca0                xcpMemReset
 .text.xcpDrvOpen
                0x08006cf0       0x64 xcp_drv_rtiostream.c.o
                0x08006cf0                xcpDrvOpen
 .text.xcpDrvIoctl
                0x08006d54       0x4c xcp_drv_rtiostream.c.o
                0x08006d54                xcpDrvIoctl
 .text.xcpDrvSend
                0x08006da0      0x14c xcp_drv_rtiostream.c.o
                0x08006da0                xcpDrvSend
 .text.xcpDrvRecv
                0x08006eec      0x14c xcp_drv_rtiostream.c.o
                0x08006eec                xcpDrvRecv
 .text.xcpDrvClose
                0x08007038       0x5c xcp_drv_rtiostream.c.o
                0x08007038                xcpDrvClose
 .text.xcpSortArray
                0x08007094       0xcc xcp_utils.c.o
                0x08007094                xcpSortArray
 .text.xcpSxiHtons
                0x08007160       0x18 xcp_frame_serial.c.o
 .text.xcpSxiNtohs
                0x08007178       0x1c xcp_frame_serial.c.o
 .text.xcpSxiChecksum
                0x08007194       0x3e xcp_frame_serial.c.o
                0x08007194                xcpSxiChecksum
 *fill*         0x080071d2        0x2 
 .text.xcpFrameInit
                0x080071d4       0x70 xcp_frame_serial.c.o
                0x080071d4                xcpFrameInit
 .text.xcpFrameMsgSend
                0x08007244      0x188 xcp_frame_serial.c.o
                0x08007244                xcpFrameMsgSend
 .text.xcpFrameMsgRecv
                0x080073cc      0x180 xcp_frame_serial.c.o
                0x080073cc                xcpFrameMsgRecv
 .text.xcpFrameCreateMsg
                0x0800754c       0x94 xcp_frame_serial.c.o
                0x0800754c                xcpFrameCreateMsg
 .text.xcpFrameExtractPacket
                0x080075e0      0x158 xcp_frame_serial.c.o
                0x080075e0                xcpFrameExtractPacket
 .text.xcpFrameHeaderSize
                0x08007738       0x10 xcp_frame_serial.c.o
                0x08007738                xcpFrameHeaderSize
 .text.xcpFrameTailSize
                0x08007748       0x10 xcp_frame_serial.c.o
                0x08007748                xcpFrameTailSize
 .text.xcpFrameMaxDtoSize
                0x08007758       0x12 xcp_frame_serial.c.o
                0x08007758                xcpFrameMaxDtoSize
 .text.xcpFrameMaxCtoSize
                0x0800776a       0x10 xcp_frame_serial.c.o
                0x0800776a                xcpFrameMaxCtoSize
 *fill*         0x0800777a        0x2 
 .text.xcpFrameRestart
                0x0800777c       0x30 xcp_frame_serial.c.o
                0x0800777c                xcpFrameRestart
 .text.xcpFrameSetCtoReservedMemPoolId
                0x080077ac       0x20 xcp_frame_serial.c.o
                0x080077ac                xcpFrameSetCtoReservedMemPoolId
 .text.xcpFrameReset
                0x080077cc       0x70 xcp_frame_serial.c.o
                0x080077cc                xcpFrameReset
 .text.xcpTransportGetInitParameters
                0x0800783c       0x2e xcp_ext_param_default_serial.c.o
                0x0800783c                xcpTransportGetInitParameters
 .text.xcpGetInitParameters
                0x0800786a       0x2e xcp_ext_param_default_serial.c.o
                0x0800786a                xcpGetInitParameters
 .text.HAL_Delay
                0x08007898       0x2e overrideHALDelay.c.o
                0x08007898                HAL_Delay
 *fill*         0x080078c6        0x2 
 .text.PeriphCommonClock_Config
                0x080078c8       0x10 platform_timer.c.o
                0x080078c8                PeriphCommonClock_Config
 .text.getCurrentTimestampInMicros
                0x080078d8       0x3c platform_timer.c.o
                0x080078d8                getCurrentTimestampInMicros
 .text.returnTimeElapsed
                0x08007914       0x2c platform_timer.c.o
                0x08007914                returnTimeElapsed
 .text.timestampInit
                0x08007940       0x28 platform_timer.c.o
 .text.getCurrentTimestamp
                0x08007968       0x44 platform_timer.c.o
                0x08007968                getCurrentTimestamp
 .text.__NVIC_SetPriority
                0x080079ac       0x54 SysTickScheduler.c.o
 .text.SysTick_Config
                0x08007a00       0x44 SysTickScheduler.c.o
 .text.SysTick_Isr
                0x08007a44       0x48 SysTickScheduler.c.o
 .text.SysTick_Handler
                0x08007a8c       0x20 SysTickScheduler.c.o
                0x08007a8c                SysTick_Handler
 .text.ARMCM_SysTick_Config
                0x08007aac       0xb0 SysTickScheduler.c.o
                0x08007aac                ARMCM_SysTick_Config
 .text.PendSV_Handler
                0x08007b5c       0x44 m3m4m4f_multitasking.c.o
                0x08007b5c                PendSV_Handler
 .text.SVC_Handler
                0x08007ba0       0x58 m3m4m4f_multitasking.c.o
                0x08007ba0                SVC_Handler
 .text.rtIOStreamOpen
                0x08007bf8       0x44 rtiostream_serial.c.o
                0x08007bf8                rtIOStreamOpen
 .text.rtIOStreamSend
                0x08007c3c       0x38 rtiostream_serial.c.o
                0x08007c3c                rtIOStreamSend
 .text.rtIOStreamRecv
                0x08007c74       0x48 rtiostream_serial.c.o
                0x08007c74                rtIOStreamRecv
 .text.rtIOStreamClose
                0x08007cbc       0x20 rtiostream_serial.c.o
                0x08007cbc                rtIOStreamClose
 .text.LL_DMA_GetDataLength
                0x08007cdc       0x30 stm_usart.c.o
 .text.getAvailableDataInBuffer
                0x08007d0c       0xcc stm_usart.c.o
                0x08007d0c                getAvailableDataInBuffer
 .text.getBytesToBeReadFromBuffer
                0x08007dd8       0x6e stm_usart.c.o
                0x08007dd8                getBytesToBeReadFromBuffer
 *fill*         0x08007e46        0x2 
 .text.readDataFromBuffer
                0x08007e48       0xdc stm_usart.c.o
                0x08007e48                readDataFromBuffer
 .text.__NVIC_GetPriorityGrouping
                0x08007f24       0x1c stm_lpuart.c.o
 .text.__NVIC_EnableIRQ
                0x08007f40       0x3c stm_lpuart.c.o
 .text.__NVIC_SetPriority
                0x08007f7c       0x54 stm_lpuart.c.o
 .text.NVIC_EncodePriority
                0x08007fd0       0x66 stm_lpuart.c.o
 *fill*         0x08008036        0x2 
 .text.LL_DMA_EnableChannel
                0x08008038       0x44 stm_lpuart.c.o
 .text.LL_DMA_DisableChannel
                0x0800807c       0x44 stm_lpuart.c.o
 .text.LL_DMA_GetMode
                0x080080c0       0x34 stm_lpuart.c.o
 .text.LL_DMA_SetDataLength
                0x080080f4       0x4c stm_lpuart.c.o
 .text.LL_DMA_ConfigAddresses
                0x08008140       0x7c stm_lpuart.c.o
 .text.LL_DMA_IsActiveFlag_TC1
                0x080081bc       0x26 stm_lpuart.c.o
 .text.LL_DMA_ClearFlag_TC1
                0x080081e2       0x1a stm_lpuart.c.o
 .text.LL_DMA_EnableIT_TC
                0x080081fc       0x44 stm_lpuart.c.o
 .text.LL_DMA_DisableIT_TC
                0x08008240       0x44 stm_lpuart.c.o
 .text.LL_DMA_IsEnabledIT_TC
                0x08008284       0x3c stm_lpuart.c.o
 .text.LL_LPUART_Enable
                0x080082c0       0x20 stm_lpuart.c.o
 .text.LL_LPUART_Disable
                0x080082e0       0x20 stm_lpuart.c.o
 .text.LL_LPUART_IsEnabled
                0x08008300       0x26 stm_lpuart.c.o
 .text.LL_LPUART_IsActiveFlag_PE
                0x08008326       0x26 stm_lpuart.c.o
 .text.LL_LPUART_IsActiveFlag_FE
                0x0800834c       0x26 stm_lpuart.c.o
 .text.LL_LPUART_IsActiveFlag_NE
                0x08008372       0x26 stm_lpuart.c.o
 .text.LL_LPUART_IsActiveFlag_ORE
                0x08008398       0x26 stm_lpuart.c.o
 .text.LL_LPUART_IsActiveFlag_TC
                0x080083be       0x26 stm_lpuart.c.o
 .text.LL_LPUART_IsActiveFlag_TXE_TXFNF
                0x080083e4       0x26 stm_lpuart.c.o
 .text.LL_LPUART_ClearFlag_PE
                0x0800840a       0x1a stm_lpuart.c.o
 .text.LL_LPUART_ClearFlag_FE
                0x08008424       0x1a stm_lpuart.c.o
 .text.LL_LPUART_ClearFlag_NE
                0x0800843e       0x1a stm_lpuart.c.o
 .text.LL_LPUART_ClearFlag_ORE
                0x08008458       0x1a stm_lpuart.c.o
 .text.LL_LPUART_EnableIT_RXNE_RXFNE
                0x08008472       0x42 stm_lpuart.c.o
 .text.LL_LPUART_EnableIT_PE
                0x080084b4       0x42 stm_lpuart.c.o
 .text.LL_LPUART_EnableIT_ERROR
                0x080084f6       0x46 stm_lpuart.c.o
 .text.LL_LPUART_DisableIT_RXNE_RXFNE
                0x0800853c       0x42 stm_lpuart.c.o
 .text.LL_LPUART_DisableIT_TXE_TXFNF
                0x0800857e       0x42 stm_lpuart.c.o
 .text.LL_LPUART_DisableIT_PE
                0x080085c0       0x42 stm_lpuart.c.o
 .text.LL_LPUART_DisableIT_ERROR
                0x08008602       0x46 stm_lpuart.c.o
 .text.LL_LPUART_EnableDMAReq_RX
                0x08008648       0x46 stm_lpuart.c.o
 .text.LL_LPUART_DisableDMAReq_RX
                0x0800868e       0x46 stm_lpuart.c.o
 .text.LL_LPUART_EnableDMAReq_TX
                0x080086d4       0x46 stm_lpuart.c.o
 .text.LL_LPUART_DisableDMAReq_TX
                0x0800871a       0x46 stm_lpuart.c.o
 .text.LL_LPUART_DMA_GetRegAddr
                0x08008760       0x2c stm_lpuart.c.o
 .text.LL_LPUART_ReceiveData8
                0x0800878c       0x1a stm_lpuart.c.o
 .text.LL_LPUART_TransmitData8
                0x080087a6       0x1e stm_lpuart.c.o
 .text.LPUART_RXDMAInterruptHandler
                0x080087c4       0xd4 stm_lpuart.c.o
                0x080087c4                LPUART_RXDMAInterruptHandler
 .text.LPUART_IsActiveFlagError
                0x08008898       0xf4 stm_lpuart.c.o
                0x08008898                LPUART_IsActiveFlagError
 .text.LPUART1_IRQHandler
                0x0800898c       0x14 stm_lpuart.c.o
                0x0800898c                LPUART1_IRQHandler
 .text.DMA1_Channel1_IRQHandler
                0x080089a0       0x20 stm_lpuart.c.o
                0x080089a0                DMA1_Channel1_IRQHandler
 .text.LPUART_ConfigureReceiveDMA
                0x080089c0       0xae stm_lpuart.c.o
                0x080089c0                LPUART_ConfigureReceiveDMA
 .text.LPUART_ConfigureTransmitDMA
                0x08008a6e       0x7a stm_lpuart.c.o
                0x08008a6e                LPUART_ConfigureTransmitDMA
 .text.MW_LPUART_GetReadErrorStatus
                0x08008ae8       0xc8 stm_lpuart.c.o
                0x08008ae8                MW_LPUART_GetReadErrorStatus
 .text.MW_LPUART_Initialize
                0x08008bb0      0x170 stm_lpuart.c.o
                0x08008bb0                MW_LPUART_Initialize
 .text.MW_LPUART_ReceiveUsingBuffer
                0x08008d20       0x5c stm_lpuart.c.o
                0x08008d20                MW_LPUART_ReceiveUsingBuffer
 .text.MW_LPUART_TransmitUsingPolling
                0x08008d7c      0x184 stm_lpuart.c.o
                0x08008d7c                MW_LPUART_TransmitUsingPolling
 .text.MW_LPUART_DeInit
                0x08008f00       0xaa stm_lpuart.c.o
                0x08008f00                MW_LPUART_DeInit
 .text.sys_arch_protect_arm
                0x08008faa       0x22 sys_arch_arm.c.o
                0x08008faa                sys_arch_protect_arm
 .text.sys_arch_unprotect_arm
                0x08008fcc       0x20 sys_arch_arm.c.o
                0x08008fcc                sys_arch_unprotect_arm
 .text.__NVIC_GetPriorityGrouping
                0x08008fec       0x1c main.c.o
 .text.__NVIC_EnableIRQ
                0x08009008       0x3c main.c.o
 .text.__NVIC_SetPriority
                0x08009044       0x54 main.c.o
 .text.NVIC_EncodePriority
                0x08009098       0x66 main.c.o
 .text.LL_ADC_SetGainCompensation
                0x080090fe       0x4a main.c.o
 .text.LL_ADC_REG_SetSequencerRanks
                0x08009148       0x58 main.c.o
 .text.LL_ADC_SetChannelSamplingTime
                0x080091a0       0x56 main.c.o
 *fill*         0x080091f6        0x2 
 .text.LL_ADC_SetChannelSingleDiff
                0x080091f8       0x48 main.c.o
 .text.LL_ADC_SetOverSamplingScope
                0x08009240       0x2a main.c.o
 .text.LL_ADC_DisableDeepPowerDown
                0x0800926a       0x24 main.c.o
 .text.LL_ADC_EnableInternalRegulator
                0x0800928e       0x28 main.c.o
 *fill*         0x080092b6        0x2 
 .text.LL_DMA_SetDataTransferDirection
                0x080092b8       0x50 main.c.o
 .text.LL_DMA_SetMode
                0x08009308       0x4c main.c.o
 .text.LL_DMA_SetPeriphIncMode
                0x08009354       0x4c main.c.o
 .text.LL_DMA_SetMemoryIncMode
                0x080093a0       0x4c main.c.o
 .text.LL_DMA_SetPeriphSize
                0x080093ec       0x4c main.c.o
 .text.LL_DMA_SetMemorySize
                0x08009438       0x4c main.c.o
 .text.LL_DMA_SetChannelPriorityLevel
                0x08009484       0x4c main.c.o
 .text.LL_DMA_SetPeriphRequest
                0x080094d0       0x54 main.c.o
 .text.LL_LPUART_Enable
                0x08009524       0x20 main.c.o
 .text.LL_LPUART_DisableFIFO
                0x08009544       0x20 main.c.o
 .text.LL_LPUART_SetTXFIFOThreshold
                0x08009564       0x4e main.c.o
 .text.LL_LPUART_SetRXFIFOThreshold
                0x080095b2       0x4e main.c.o
 .text.LL_LPUART_IsActiveFlag_TEACK
                0x08009600       0x28 main.c.o
 .text.LL_LPUART_IsActiveFlag_REACK
                0x08009628       0x28 main.c.o
 .text.LL_RCC_HSI_Enable
                0x08009650       0x20 main.c.o
 .text.LL_RCC_HSI_IsReady
                0x08009670       0x28 main.c.o
 .text.LL_RCC_HSI_SetCalibTrimming
                0x08009698       0x2c main.c.o
 .text.LL_RCC_SetSysClkSource
                0x080096c4       0x28 main.c.o
 .text.LL_RCC_GetSysClkSource
                0x080096ec       0x1c main.c.o
 .text.LL_RCC_SetAHBPrescaler
                0x08009708       0x28 main.c.o
 .text.LL_RCC_SetAPB1Prescaler
                0x08009730       0x28 main.c.o
 .text.LL_RCC_SetAPB2Prescaler
                0x08009758       0x28 main.c.o
 .text.LL_RCC_SetLPUARTClockSource
                0x08009780       0x2c main.c.o
 .text.LL_RCC_SetADCClockSource
                0x080097ac       0x48 main.c.o
 .text.LL_RCC_PLL_Enable
                0x080097f4       0x20 main.c.o
 .text.LL_RCC_PLL_IsReady
                0x08009814       0x28 main.c.o
 .text.LL_RCC_PLL_ConfigDomain_SYS
                0x0800983c       0x40 main.c.o
 .text.LL_RCC_PLL_EnableDomain_SYS
                0x0800987c       0x20 main.c.o
 .text.LL_AHB1_GRP1_EnableClock
                0x0800989c       0x30 main.c.o
 .text.LL_AHB2_GRP1_EnableClock
                0x080098cc       0x30 main.c.o
 .text.LL_APB1_GRP1_EnableClock
                0x080098fc       0x30 main.c.o
 .text.LL_APB1_GRP2_EnableClock
                0x0800992c       0x30 main.c.o
 .text.LL_APB2_GRP1_EnableClock
                0x0800995c       0x30 main.c.o
 .text.LL_FLASH_SetLatency
                0x0800998c       0x28 main.c.o
 .text.LL_FLASH_GetLatency
                0x080099b4       0x1c main.c.o
 .text.LL_PWR_EnableRange1BoostMode
                0x080099d0       0x24 main.c.o
 .text.LL_TIM_DisableARRPreload
                0x080099f4       0x20 main.c.o
 .text.LL_TIM_IC_SetActiveInput
                0x08009a14       0xc0 main.c.o
 .text.LL_TIM_IC_SetPrescaler
                0x08009ad4       0xc0 main.c.o
 .text.LL_TIM_IC_SetFilter
                0x08009b94       0xc0 main.c.o
 .text.LL_TIM_IC_SetPolarity
                0x08009c54       0xac main.c.o
 .text.LL_TIM_SetEncoderMode
                0x08009d00       0x2a main.c.o
 .text.LL_TIM_SetTriggerOutput
                0x08009d2a       0x2a main.c.o
 .text.LL_TIM_SetTriggerOutput2
                0x08009d54       0x26 main.c.o
 .text.LL_TIM_DisableMasterSlaveMode
                0x08009d7a       0x20 main.c.o
 *fill*         0x08009d9a        0x2 
 .text.SystemClock_Config
                0x08009d9c       0xb0 main.c.o
                0x08009d9c                SystemClock_Config
 .text.MX_ADC1_Init
                0x08009e4c      0x15c main.c.o
                0x08009e4c                MX_ADC1_Init
 .text.MX_LPUART1_UART_Init
                0x08009fa8      0x148 main.c.o
                0x08009fa8                MX_LPUART1_UART_Init
 .text.MX_TIM1_Init
                0x0800a0f0      0x128 main.c.o
                0x0800a0f0                MX_TIM1_Init
 .text.MX_TIM3_Init
                0x0800a218      0x114 main.c.o
                0x0800a218                MX_TIM3_Init
 .text.MX_TIM4_Init
                0x0800a32c      0x118 main.c.o
                0x0800a32c                MX_TIM4_Init
 .text.MX_DMA_Init
                0x0800a444       0x34 main.c.o
                0x0800a444                MX_DMA_Init
 .text.MX_GPIO_Init
                0x0800a478       0x84 main.c.o
                0x0800a478                MX_GPIO_Init
 .text.HAL_TIM_PeriodElapsedCallback
                0x0800a4fc       0x1e main.c.o
                0x0800a4fc                HAL_TIM_PeriodElapsedCallback
 .text.Error_Handler
                0x0800a51a        0xc main.c.o
                0x0800a51a                Error_Handler
 .text.NMI_Handler
                0x0800a526        0x8 stm32g4xx_it.c.o
                0x0800a526                NMI_Handler
 .text.HardFault_Handler
                0x0800a52e        0x8 stm32g4xx_it.c.o
                0x0800a52e                HardFault_Handler
 .text.MemManage_Handler
                0x0800a536        0x8 stm32g4xx_it.c.o
                0x0800a536                MemManage_Handler
 .text.BusFault_Handler
                0x0800a53e        0x8 stm32g4xx_it.c.o
                0x0800a53e                BusFault_Handler
 .text.UsageFault_Handler
                0x0800a546        0x8 stm32g4xx_it.c.o
                0x0800a546                UsageFault_Handler
 .text.DebugMon_Handler
                0x0800a54e        0xe stm32g4xx_it.c.o
                0x0800a54e                DebugMon_Handler
 .text.TIM2_IRQHandler
                0x0800a55c       0x14 stm32g4xx_it.c.o
                0x0800a55c                TIM2_IRQHandler
 .text.HAL_MspInit
                0x0800a570       0x48 stm32g4xx_hal_msp.c.o
                0x0800a570                HAL_MspInit
 .text.HAL_InitTick
                0x0800a5b8       0xd8 stm32g4xx_hal_timebase_tim.c.o
                0x0800a5b8                HAL_InitTick
 .text.LL_SetSystemCoreClock
                0x0800a690       0x20 stm32g4xx_ll_utils.c.o
                0x0800a690                LL_SetSystemCoreClock
 .text.HAL_TIM_Base_Init
                0x0800a6b0       0xae stm32g4xx_hal_tim.c.o
                0x0800a6b0                HAL_TIM_Base_Init
 .text.HAL_TIM_Base_MspInit
                0x0800a75e       0x14 stm32g4xx_hal_tim.c.o
                0x0800a75e                HAL_TIM_Base_MspInit
 *fill*         0x0800a772        0x2 
 .text.HAL_TIM_Base_Start_IT
                0x0800a774       0xf0 stm32g4xx_hal_tim.c.o
                0x0800a774                HAL_TIM_Base_Start_IT
 .text.HAL_TIM_IRQHandler
                0x0800a864      0x29e stm32g4xx_hal_tim.c.o
                0x0800a864                HAL_TIM_IRQHandler
 .text.HAL_TIM_OC_DelayElapsedCallback
                0x0800ab02       0x14 stm32g4xx_hal_tim.c.o
                0x0800ab02                HAL_TIM_OC_DelayElapsedCallback
 .text.HAL_TIM_IC_CaptureCallback
                0x0800ab16       0x14 stm32g4xx_hal_tim.c.o
                0x0800ab16                HAL_TIM_IC_CaptureCallback
 .text.HAL_TIM_PWM_PulseFinishedCallback
                0x0800ab2a       0x14 stm32g4xx_hal_tim.c.o
                0x0800ab2a                HAL_TIM_PWM_PulseFinishedCallback
 .text.HAL_TIM_TriggerCallback
                0x0800ab3e       0x14 stm32g4xx_hal_tim.c.o
                0x0800ab3e                HAL_TIM_TriggerCallback
 *fill*         0x0800ab52        0x2 
 .text.TIM_Base_SetConfig
                0x0800ab54      0x168 stm32g4xx_hal_tim.c.o
                0x0800ab54                TIM_Base_SetConfig
 .text.HAL_TIMEx_CommutCallback
                0x0800acbc       0x14 stm32g4xx_hal_tim_ex.c.o
                0x0800acbc                HAL_TIMEx_CommutCallback
 .text.HAL_TIMEx_BreakCallback
                0x0800acd0       0x14 stm32g4xx_hal_tim_ex.c.o
                0x0800acd0                HAL_TIMEx_BreakCallback
 .text.HAL_TIMEx_Break2Callback
                0x0800ace4       0x14 stm32g4xx_hal_tim_ex.c.o
                0x0800ace4                HAL_TIMEx_Break2Callback
 .text.HAL_TIMEx_EncoderIndexCallback
                0x0800acf8       0x14 stm32g4xx_hal_tim_ex.c.o
                0x0800acf8                HAL_TIMEx_EncoderIndexCallback
 .text.HAL_TIMEx_DirectionChangeCallback
                0x0800ad0c       0x14 stm32g4xx_hal_tim_ex.c.o
                0x0800ad0c                HAL_TIMEx_DirectionChangeCallback
 .text.HAL_TIMEx_IndexErrorCallback
                0x0800ad20       0x14 stm32g4xx_hal_tim_ex.c.o
                0x0800ad20                HAL_TIMEx_IndexErrorCallback
 .text.HAL_TIMEx_TransitionErrorCallback
                0x0800ad34       0x14 stm32g4xx_hal_tim_ex.c.o
                0x0800ad34                HAL_TIMEx_TransitionErrorCallback
 .text.LL_GPIO_SetPinMode
                0x0800ad48       0x7a stm32g4xx_ll_gpio.c.o
 .text.LL_GPIO_SetPinOutputType
                0x0800adc2       0x30 stm32g4xx_ll_gpio.c.o
 .text.LL_GPIO_SetPinSpeed
                0x0800adf2       0x7a stm32g4xx_ll_gpio.c.o
 .text.LL_GPIO_SetPinPull
                0x0800ae6c       0x7a stm32g4xx_ll_gpio.c.o
 .text.LL_GPIO_SetAFPin_0_7
                0x0800aee6       0x7a stm32g4xx_ll_gpio.c.o
 .text.LL_GPIO_SetAFPin_8_15
                0x0800af60       0x7e stm32g4xx_ll_gpio.c.o
 .text.LL_GPIO_Init
                0x0800afde       0xdc stm32g4xx_ll_gpio.c.o
                0x0800afde                LL_GPIO_Init
 .text.LL_ADC_REG_SetSequencerLength
                0x0800b0ba       0x26 stm32g4xx_ll_adc.c.o
 .text.LL_ADC_IsEnabled
                0x0800b0e0       0x26 stm32g4xx_ll_adc.c.o
 *fill*         0x0800b106        0x2 
 .text.LL_ADC_CommonInit
                0x0800b108       0xc8 stm32g4xx_ll_adc.c.o
                0x0800b108                LL_ADC_CommonInit
 .text.LL_ADC_Init
                0x0800b1d0       0x4c stm32g4xx_ll_adc.c.o
                0x0800b1d0                LL_ADC_Init
 .text.LL_ADC_REG_Init
                0x0800b21c       0x94 stm32g4xx_ll_adc.c.o
                0x0800b21c                LL_ADC_REG_Init
 .text.HAL_Init
                0x0800b2b0       0x30 stm32g4xx_hal.c.o
                0x0800b2b0                HAL_Init
 .text.HAL_IncTick
                0x0800b2e0       0x24 stm32g4xx_hal.c.o
                0x0800b2e0                HAL_IncTick
 .text.HAL_GetTick
                0x0800b304       0x18 stm32g4xx_hal.c.o
                0x0800b304                HAL_GetTick
 .text.HAL_RCC_GetHCLKFreq
                0x0800b31c       0x18 stm32g4xx_hal_rcc.c.o
                0x0800b31c                HAL_RCC_GetHCLKFreq
 .text.HAL_RCC_GetPCLK1Freq
                0x0800b334       0x2c stm32g4xx_hal_rcc.c.o
                0x0800b334                HAL_RCC_GetPCLK1Freq
 .text.HAL_RCC_GetClockConfig
                0x0800b360       0x64 stm32g4xx_hal_rcc.c.o
                0x0800b360                HAL_RCC_GetClockConfig
 .text.HAL_PWREx_DisableUCPDDeadBattery
                0x0800b3c4       0x20 stm32g4xx_hal_pwr_ex.c.o
                0x0800b3c4                HAL_PWREx_DisableUCPDDeadBattery
 .text.__NVIC_SetPriorityGrouping
                0x0800b3e4       0x48 stm32g4xx_hal_cortex.c.o
 .text.__NVIC_GetPriorityGrouping
                0x0800b42c       0x1c stm32g4xx_hal_cortex.c.o
 .text.__NVIC_EnableIRQ
                0x0800b448       0x3c stm32g4xx_hal_cortex.c.o
 .text.__NVIC_SetPriority
                0x0800b484       0x54 stm32g4xx_hal_cortex.c.o
 .text.NVIC_EncodePriority
                0x0800b4d8       0x66 stm32g4xx_hal_cortex.c.o
 .text.HAL_NVIC_SetPriorityGrouping
                0x0800b53e       0x16 stm32g4xx_hal_cortex.c.o
                0x0800b53e                HAL_NVIC_SetPriorityGrouping
 .text.HAL_NVIC_SetPriority
                0x0800b554       0x34 stm32g4xx_hal_cortex.c.o
                0x0800b554                HAL_NVIC_SetPriority
 .text.HAL_NVIC_EnableIRQ
                0x0800b588       0x1c stm32g4xx_hal_cortex.c.o
                0x0800b588                HAL_NVIC_EnableIRQ
 .text.LL_LPUART_IsEnabled
                0x0800b5a4       0x26 stm32g4xx_ll_lpuart.c.o
 .text.LL_LPUART_SetPrescaler
                0x0800b5ca       0x28 stm32g4xx_ll_lpuart.c.o
 .text.LL_LPUART_SetStopBitsLength
                0x0800b5f2       0x26 stm32g4xx_ll_lpuart.c.o
 .text.LL_LPUART_SetHWFlowCtrl
                0x0800b618       0x26 stm32g4xx_ll_lpuart.c.o
 *fill*         0x0800b63e        0x2 
 .text.LL_LPUART_SetBaudRate
                0x0800b640       0x98 stm32g4xx_ll_lpuart.c.o
 .text.LL_LPUART_Init
                0x0800b6d8       0x98 stm32g4xx_ll_lpuart.c.o
                0x0800b6d8                LL_LPUART_Init
 .text.LL_RCC_HSI_IsReady
                0x0800b770       0x28 stm32g4xx_ll_rcc.c.o
 .text.LL_RCC_LSE_IsReady
                0x0800b798       0x28 stm32g4xx_ll_rcc.c.o
 .text.LL_RCC_GetSysClkSource
                0x0800b7c0       0x1c stm32g4xx_ll_rcc.c.o
 .text.LL_RCC_GetAHBPrescaler
                0x0800b7dc       0x1c stm32g4xx_ll_rcc.c.o
 .text.LL_RCC_GetAPB1Prescaler
                0x0800b7f8       0x1c stm32g4xx_ll_rcc.c.o
 .text.LL_RCC_GetLPUARTClockSource
                0x0800b814       0x24 stm32g4xx_ll_rcc.c.o
 .text.LL_RCC_PLL_GetMainSource
                0x0800b838       0x1c stm32g4xx_ll_rcc.c.o
 .text.LL_RCC_PLL_GetN
                0x0800b854       0x1c stm32g4xx_ll_rcc.c.o
 .text.LL_RCC_PLL_GetR
                0x0800b870       0x1c stm32g4xx_ll_rcc.c.o
 .text.LL_RCC_PLL_GetDivider
                0x0800b88c       0x1c stm32g4xx_ll_rcc.c.o
 .text.LL_RCC_GetLPUARTClockFreq
                0x0800b8a8       0x84 stm32g4xx_ll_rcc.c.o
                0x0800b8a8                LL_RCC_GetLPUARTClockFreq
 .text.RCC_GetSystemClockFreq
                0x0800b92c       0x4c stm32g4xx_ll_rcc.c.o
 .text.RCC_GetHCLKClockFreq
                0x0800b978       0x30 stm32g4xx_ll_rcc.c.o
 .text.RCC_GetPCLK1ClockFreq
                0x0800b9a8       0x2c stm32g4xx_ll_rcc.c.o
 .text.RCC_PLL_GetFreqDomain_SYS
                0x0800b9d4       0x68 stm32g4xx_ll_rcc.c.o
 .text.LL_TIM_SetPrescaler
                0x0800ba3c       0x1c stm32g4xx_ll_tim.c.o
 .text.LL_TIM_SetAutoReload
                0x0800ba58       0x1c stm32g4xx_ll_tim.c.o
 .text.LL_TIM_SetRepetitionCounter
                0x0800ba74       0x1c stm32g4xx_ll_tim.c.o
 .text.LL_TIM_GenerateEvent_UPDATE
                0x0800ba90       0x20 stm32g4xx_ll_tim.c.o
 .text.LL_TIM_Init
                0x0800bab0      0x144 stm32g4xx_ll_tim.c.o
                0x0800bab0                LL_TIM_Init
 .text.SystemInit
                0x0800bbf4       0x24 system_stm32g4xx.c.o
                0x0800bbf4                SystemInit
 .text.Reset_Handler
                0x0800bc18       0x50 startup_stm32g474retx.s.o
                0x0800bc18                Reset_Handler
 .text.Default_Handler
                0x0800bc68        0x2 startup_stm32g474retx.s.o
                0x0800bc68                RTC_Alarm_IRQHandler
                0x0800bc68                EXTI2_IRQHandler
                0x0800bc68                TIM8_TRG_COM_IRQHandler
                0x0800bc68                TIM8_CC_IRQHandler
                0x0800bc68                HRTIM1_Master_IRQHandler
                0x0800bc68                SPI4_IRQHandler
                0x0800bc68                FDCAN3_IT0_IRQHandler
                0x0800bc68                TIM1_CC_IRQHandler
                0x0800bc68                HRTIM1_FLT_IRQHandler
                0x0800bc68                HRTIM1_TIMF_IRQHandler
                0x0800bc68                USB_HP_IRQHandler
                0x0800bc68                CORDIC_IRQHandler
                0x0800bc68                HRTIM1_TIMD_IRQHandler
                0x0800bc68                DMA2_Channel8_IRQHandler
                0x0800bc68                EXTI3_IRQHandler
                0x0800bc68                I2C3_ER_IRQHandler
                0x0800bc68                EXTI0_IRQHandler
                0x0800bc68                I2C2_EV_IRQHandler
                0x0800bc68                FPU_IRQHandler
                0x0800bc68                FDCAN1_IT1_IRQHandler
                0x0800bc68                TIM1_UP_TIM16_IRQHandler
                0x0800bc68                ADC1_2_IRQHandler
                0x0800bc68                HRTIM1_TIME_IRQHandler
                0x0800bc68                SPI1_IRQHandler
                0x0800bc68                TIM6_DAC_IRQHandler
                0x0800bc68                HRTIM1_TIMC_IRQHandler
                0x0800bc68                TIM8_UP_IRQHandler
                0x0800bc68                DMA2_Channel2_IRQHandler
                0x0800bc68                DMA1_Channel4_IRQHandler
                0x0800bc68                TIM20_TRG_COM_IRQHandler
                0x0800bc68                USART3_IRQHandler
                0x0800bc68                DMA1_Channel7_IRQHandler
                0x0800bc68                UART5_IRQHandler
                0x0800bc68                ADC3_IRQHandler
                0x0800bc68                TIM4_IRQHandler
                0x0800bc68                DMA2_Channel1_IRQHandler
                0x0800bc68                QUADSPI_IRQHandler
                0x0800bc68                I2C1_EV_IRQHandler
                0x0800bc68                DMA1_Channel6_IRQHandler
                0x0800bc68                UART4_IRQHandler
                0x0800bc68                DMA2_Channel4_IRQHandler
                0x0800bc68                TIM3_IRQHandler
                0x0800bc68                RCC_IRQHandler
                0x0800bc68                TIM20_UP_IRQHandler
                0x0800bc68                Default_Handler
                0x0800bc68                DMA2_Channel7_IRQHandler
                0x0800bc68                RTC_TAMP_LSECSS_IRQHandler
                0x0800bc68                FMAC_IRQHandler
                0x0800bc68                EXTI15_10_IRQHandler
                0x0800bc68                DMA1_Channel8_IRQHandler
                0x0800bc68                HRTIM1_TIMA_IRQHandler
                0x0800bc68                TIM7_DAC_IRQHandler
                0x0800bc68                FDCAN3_IT1_IRQHandler
                0x0800bc68                TIM5_IRQHandler
                0x0800bc68                UCPD1_IRQHandler
                0x0800bc68                I2C3_EV_IRQHandler
                0x0800bc68                EXTI9_5_IRQHandler
                0x0800bc68                RTC_WKUP_IRQHandler
                0x0800bc68                PVD_PVM_IRQHandler
                0x0800bc68                SPI2_IRQHandler
                0x0800bc68                ADC5_IRQHandler
                0x0800bc68                DMA2_Channel5_IRQHandler
                0x0800bc68                CRS_IRQHandler
                0x0800bc68                DMA1_Channel5_IRQHandler
                0x0800bc68                USB_LP_IRQHandler
                0x0800bc68                EXTI4_IRQHandler
                0x0800bc68                RNG_IRQHandler
                0x0800bc68                HRTIM1_TIMB_IRQHandler
                0x0800bc68                TIM1_TRG_COM_TIM17_IRQHandler
                0x0800bc68                FDCAN2_IT1_IRQHandler
                0x0800bc68                DMA1_Channel3_IRQHandler
                0x0800bc68                ADC4_IRQHandler
                0x0800bc68                WWDG_IRQHandler
                0x0800bc68                I2C4_EV_IRQHandler
                0x0800bc68                FDCAN2_IT0_IRQHandler
                0x0800bc68                DMA2_Channel6_IRQHandler
                0x0800bc68                FDCAN1_IT0_IRQHandler
                0x0800bc68                COMP7_IRQHandler
                0x0800bc68                COMP1_2_3_IRQHandler
                0x0800bc68                EXTI1_IRQHandler
                0x0800bc68                USART2_IRQHandler
                0x0800bc68                COMP4_5_6_IRQHandler
                0x0800bc68                TIM20_BRK_IRQHandler
                0x0800bc68                I2C2_ER_IRQHandler
                0x0800bc68                DMA1_Channel2_IRQHandler
                0x0800bc68                TIM8_BRK_IRQHandler
                0x0800bc68                FLASH_IRQHandler
                0x0800bc68                TIM20_CC_IRQHandler
                0x0800bc68                USART1_IRQHandler
                0x0800bc68                SPI3_IRQHandler
                0x0800bc68                I2C1_ER_IRQHandler
                0x0800bc68                FMC_IRQHandler
                0x0800bc68                LPTIM1_IRQHandler
                0x0800bc68                DMAMUX_OVR_IRQHandler
                0x0800bc68                I2C4_ER_IRQHandler
                0x0800bc68                USBWakeUp_IRQHandler
                0x0800bc68                SAI1_IRQHandler
                0x0800bc68                DMA2_Channel3_IRQHandler
                0x0800bc68                TIM1_BRK_TIM15_IRQHandler
 .text.LL_TIM_GetCounterMode
                0x0800bc6a       0x30 stm_timer_ll.c.o
 .text.LL_TIM_GetCounter
                0x0800bc9a       0x18 stm_timer_ll.c.o
 .text.LL_TIM_GetRepetitionCounter
                0x0800bcb2       0x18 stm_timer_ll.c.o
 .text.LL_TIM_CC_EnableChannel
                0x0800bcca       0x22 stm_timer_ll.c.o
 .text.LL_TIM_CC_DisableChannel
                0x0800bcec       0x24 stm_timer_ll.c.o
 .text.LL_TIM_EnableAllOutputs
                0x0800bd10       0x20 stm_timer_ll.c.o
 .text.LL_TIM_IsActiveFlag_IDX
                0x0800bd30       0x28 stm_timer_ll.c.o
 .text.LL_TIM_EnableIT_UPDATE
                0x0800bd58       0x20 stm_timer_ll.c.o
 .text.LL_TIM_DisableIT_UPDATE
                0x0800bd78       0x20 stm_timer_ll.c.o
 .text.LL_TIM_IsEnabledIT_UPDATE
                0x0800bd98       0x26 stm_timer_ll.c.o
 .text.LL_TIM_EnableIT_CC1
                0x0800bdbe       0x20 stm_timer_ll.c.o
 .text.LL_TIM_DisableIT_CC1
                0x0800bdde       0x20 stm_timer_ll.c.o
 .text.LL_TIM_IsEnabledIT_CC1
                0x0800bdfe       0x26 stm_timer_ll.c.o
 .text.LL_TIM_EnableIT_CC2
                0x0800be24       0x20 stm_timer_ll.c.o
 .text.LL_TIM_DisableIT_CC2
                0x0800be44       0x20 stm_timer_ll.c.o
 .text.LL_TIM_IsEnabledIT_CC2
                0x0800be64       0x26 stm_timer_ll.c.o
 .text.LL_TIM_EnableIT_CC3
                0x0800be8a       0x20 stm_timer_ll.c.o
 .text.LL_TIM_DisableIT_CC3
                0x0800beaa       0x20 stm_timer_ll.c.o
 .text.LL_TIM_IsEnabledIT_CC3
                0x0800beca       0x26 stm_timer_ll.c.o
 .text.LL_TIM_EnableIT_CC4
                0x0800bef0       0x20 stm_timer_ll.c.o
 .text.LL_TIM_DisableIT_CC4
                0x0800bf10       0x20 stm_timer_ll.c.o
 .text.LL_TIM_IsEnabledIT_CC4
                0x0800bf30       0x26 stm_timer_ll.c.o
 .text.LL_TIM_EnableIT_COM
                0x0800bf56       0x20 stm_timer_ll.c.o
 .text.LL_TIM_DisableIT_COM
                0x0800bf76       0x20 stm_timer_ll.c.o
 .text.LL_TIM_IsEnabledIT_COM
                0x0800bf96       0x26 stm_timer_ll.c.o
 .text.LL_TIM_EnableIT_TRIG
                0x0800bfbc       0x20 stm_timer_ll.c.o
 .text.LL_TIM_DisableIT_TRIG
                0x0800bfdc       0x20 stm_timer_ll.c.o
 .text.LL_TIM_IsEnabledIT_TRIG
                0x0800bffc       0x26 stm_timer_ll.c.o
 .text.LL_TIM_EnableIT_BRK
                0x0800c022       0x20 stm_timer_ll.c.o
 .text.LL_TIM_DisableIT_BRK
                0x0800c042       0x20 stm_timer_ll.c.o
 .text.LL_TIM_IsEnabledIT_BRK
                0x0800c062       0x26 stm_timer_ll.c.o
 .text.LL_TIM_EnableIT_TERR
                0x0800c088       0x20 stm_timer_ll.c.o
 .text.LL_TIM_DisableIT_TERR
                0x0800c0a8       0x20 stm_timer_ll.c.o
 .text.LL_TIM_IsEnabledIT_TERR
                0x0800c0c8       0x28 stm_timer_ll.c.o
 .text.LL_TIM_EnableIT_IERR
                0x0800c0f0       0x20 stm_timer_ll.c.o
 .text.LL_TIM_DisableIT_IERR
                0x0800c110       0x20 stm_timer_ll.c.o
 .text.LL_TIM_IsEnabledIT_IERR
                0x0800c130       0x28 stm_timer_ll.c.o
 .text.LL_TIM_EnableIT_DIR
                0x0800c158       0x20 stm_timer_ll.c.o
 .text.LL_TIM_DisableIT_DIR
                0x0800c178       0x20 stm_timer_ll.c.o
 .text.LL_TIM_IsEnabledIT_DIR
                0x0800c198       0x28 stm_timer_ll.c.o
 .text.LL_TIM_EnableIT_IDX
                0x0800c1c0       0x20 stm_timer_ll.c.o
 .text.LL_TIM_DisableIT_IDX
                0x0800c1e0       0x20 stm_timer_ll.c.o
 .text.LL_TIM_IsEnabledIT_IDX
                0x0800c200       0x28 stm_timer_ll.c.o
 .text.TIM_IsActiveFlagIDX
                0x0800c228       0x34 stm_timer_ll.c.o
                0x0800c228                TIM_IsActiveFlagIDX
 .text.enableTimerInterrupts
                0x0800c25c      0x1c4 stm_timer_ll.c.o
                0x0800c25c                enableTimerInterrupts
 .text.disableTimerInterrupts
                0x0800c420      0x1c4 stm_timer_ll.c.o
                0x0800c420                disableTimerInterrupts
 .text.enableTimerChannel1
                0x0800c5e4       0xb0 stm_timer_ll.c.o
                0x0800c5e4                enableTimerChannel1
 .text.disableTimerChannel1
                0x0800c694       0xb0 stm_timer_ll.c.o
                0x0800c694                disableTimerChannel1
 .text.enableTimerChannel2
                0x0800c744       0xb0 stm_timer_ll.c.o
                0x0800c744                enableTimerChannel2
 .text.disableTimerChannel2
                0x0800c7f4       0xb0 stm_timer_ll.c.o
                0x0800c7f4                disableTimerChannel2
 .text.Timer_Handle_Init
                0x0800c8a4      0x110 stm_timer_ll.c.o
                0x0800c8a4                Timer_Handle_Init
 .text.getTimerCounterValueForG4
                0x0800c9b4       0x64 stm_timer_ll.c.o
                0x0800c9b4                getTimerCounterValueForG4
 .text.fmod     0x0800ca18       0x6c C:/ProgramData/MATLAB/SupportPackages/R2025a/3P.instrset/gnuarm-armcortex.instrset/win/bin/../lib/gcc/arm-none-eabi/13.2.1/thumb/v7e-m+fp/hard\libm.a(libm_a-w_fmod.o)
                0x0800ca18                fmod
 .text.__ieee754_fmod
                0x0800ca84      0x30c C:/ProgramData/MATLAB/SupportPackages/R2025a/3P.instrset/gnuarm-armcortex.instrset/win/bin/../lib/gcc/arm-none-eabi/13.2.1/thumb/v7e-m+fp/hard\libm.a(libm_a-e_fmod.o)
                0x0800ca84                __ieee754_fmod
 .text.__udivmoddi4
                0x0800cd90      0x2bc C:/ProgramData/MATLAB/SupportPackages/R2025a/3P.instrset/gnuarm-armcortex.instrset/win/bin/../lib/gcc/arm-none-eabi/13.2.1/thumb/v7e-m+fp/hard\libgcc.a(_udivmoddi4.o)
                0x0800cd90                __udivmoddi4
 .text.memset   0x0800d04c       0x10 C:/ProgramData/MATLAB/SupportPackages/R2025a/3P.instrset/gnuarm-armcortex.instrset/win/bin/../lib/gcc/arm-none-eabi/13.2.1/thumb/v7e-m+fp/hard\libg_nano.a(libc_a-memset.o)
                0x0800d04c                memset
 .text.__errno  0x0800d05c        0xc C:/ProgramData/MATLAB/SupportPackages/R2025a/3P.instrset/gnuarm-armcortex.instrset/win/bin/../lib/gcc/arm-none-eabi/13.2.1/thumb/v7e-m+fp/hard\libg_nano.a(libc_a-errno.o)
                0x0800d05c                __errno
 .text.__libc_init_array
                0x0800d068       0x48 C:/ProgramData/MATLAB/SupportPackages/R2025a/3P.instrset/gnuarm-armcortex.instrset/win/bin/../lib/gcc/arm-none-eabi/13.2.1/thumb/v7e-m+fp/hard\libg_nano.a(libc_a-init.o)
                0x0800d068                __libc_init_array
 .text.memcpy   0x0800d0b0       0x1c C:/ProgramData/MATLAB/SupportPackages/R2025a/3P.instrset/gnuarm-armcortex.instrset/win/bin/../lib/gcc/arm-none-eabi/13.2.1/thumb/v7e-m+fp/hard\libg_nano.a(libc_a-memcpy-stub.o)
                0x0800d0b0                memcpy
 *(.glue_7)
 .glue_7        0x0800d0cc        0x0 linker stubs
 *(.glue_7t)
 .glue_7t       0x0800d0cc        0x0 linker stubs
 *(.eh_frame)
 .eh_frame      0x0800d0cc        0x0 C:/ProgramData/MATLAB/SupportPackages/R2025a/3P.instrset/gnuarm-armcortex.instrset/win/bin/../lib/gcc/arm-none-eabi/13.2.1/thumb/v7e-m+fp/hard/crtbegin.o
 *(.init)
 .init          0x0800d0cc        0x4 C:/ProgramData/MATLAB/SupportPackages/R2025a/3P.instrset/gnuarm-armcortex.instrset/win/bin/../lib/gcc/arm-none-eabi/13.2.1/thumb/v7e-m+fp/hard/crti.o
                0x0800d0cc                _init
 .init          0x0800d0d0        0x8 C:/ProgramData/MATLAB/SupportPackages/R2025a/3P.instrset/gnuarm-armcortex.instrset/win/bin/../lib/gcc/arm-none-eabi/13.2.1/thumb/v7e-m+fp/hard/crtn.o
 *(.fini)
 .fini          0x0800d0d8        0x4 C:/ProgramData/MATLAB/SupportPackages/R2025a/3P.instrset/gnuarm-armcortex.instrset/win/bin/../lib/gcc/arm-none-eabi/13.2.1/thumb/v7e-m+fp/hard/crti.o
                0x0800d0d8                _fini
 .fini          0x0800d0dc        0x8 C:/ProgramData/MATLAB/SupportPackages/R2025a/3P.instrset/gnuarm-armcortex.instrset/win/bin/../lib/gcc/arm-none-eabi/13.2.1/thumb/v7e-m+fp/hard/crtn.o
                0x0800d0e4                        . = ALIGN (0x4)
                0x0800d0e4                        _etext = .

.vfp11_veneer   0x0800d0e4        0x0
 .vfp11_veneer  0x0800d0e4        0x0 linker stubs

.v4_bx          0x0800d0e4        0x0
 .v4_bx         0x0800d0e4        0x0 linker stubs

.iplt           0x0800d0e4        0x0
 .iplt          0x0800d0e4        0x0 C:/ProgramData/MATLAB/SupportPackages/R2025a/3P.instrset/gnuarm-armcortex.instrset/win/bin/../lib/gcc/arm-none-eabi/13.2.1/thumb/v7e-m+fp/hard/crtbegin.o

.rodata         0x0800d0e8     0x2a18
                0x0800d0e8                        . = ALIGN (0x4)
 *(.rodata)
 .rodata        0x0800d0e8      0x2b9 xcp_ext_mode.c.o
 *fill*         0x0800d3a1        0x3 
 .rodata        0x0800d3a4      0x12e xcp_ext_common.c.o
 *fill*         0x0800d4d2        0x2 
 .rodata        0x0800d4d4       0x4c xcp_ext_classic_trigger.c.o
 .rodata        0x0800d520      0x278 xcp.c.o
 .rodata        0x0800d798      0x3a9 xcp_standard.c.o
 *fill*         0x0800db41        0x3 
 .rodata        0x0800db44     0x1010 xcp_daq.c.o
 .rodata        0x0800eb54       0xdd xcp_calibration.c.o
 *fill*         0x0800ec31        0x3 
 .rodata        0x0800ec34      0x56e xcp_transport.c.o
 *fill*         0x0800f1a2        0x2 
 .rodata        0x0800f1a4       0xf5 xcp_mem_default.c.o
 *fill*         0x0800f299        0x3 
 .rodata        0x0800f29c      0x228 xcp_drv_rtiostream.c.o
 .rodata        0x0800f4c4      0x4aa xcp_frame_serial.c.o
 *(.rodata*)
 *fill*         0x0800f96e        0x2 
 .rodata.Encoder_reader_simulink_M
                0x0800f970        0x4 Encoder_reader_simulink.c.o
                0x0800f970                Encoder_reader_simulink_M
 .rodata.rtAlwaysEnabled.0
                0x0800f974        0x1 Encoder_reader_simulink.c.o
 *fill*         0x0800f975        0x3 
 .rodata.standardSupportedRxPacket
                0x0800f978       0x54 xcp_standard.c.o
 .rodata.daqSupportedRxPacket
                0x0800f9cc       0x9c xcp_daq.c.o
 .rodata.calibrationSupportedRxPacket
                0x0800fa68       0x18 xcp_calibration.c.o
 .rodata.CHANNEL_OFFSET_TAB
                0x0800fa80        0x8 stm_usart.c.o
 .rodata.CHANNEL_OFFSET_TAB
                0x0800fa88        0x8 stm_lpuart.c.o
 .rodata.CHANNEL_OFFSET_TAB
                0x0800fa90        0x8 main.c.o
 .rodata.OFFSET_TAB_CCMRx
                0x0800fa98        0xa main.c.o
 *fill*         0x0800faa2        0x2 
 .rodata.SHIFT_TAB_ICxx
                0x0800faa4        0xa main.c.o
 *fill*         0x0800faae        0x2 
 .rodata.SHIFT_TAB_CCxP
                0x0800fab0        0xa main.c.o
 *fill*         0x0800faba        0x2 
 .rodata.LPUART_PRESCALER_TAB
                0x0800fabc       0x18 stm32g4xx_ll_lpuart.c.o
 .rodata.AHBPrescTable
                0x0800fad4       0x10 system_stm32g4xx.c.o
                0x0800fad4                AHBPrescTable
 .rodata.APBPrescTable
                0x0800fae4        0x8 system_stm32g4xx.c.o
                0x0800fae4                APBPrescTable
 *fill*         0x0800faec        0x4 
 .rodata.Zero   0x0800faf0       0x10 C:/ProgramData/MATLAB/SupportPackages/R2025a/3P.instrset/gnuarm-armcortex.instrset/win/bin/../lib/gcc/arm-none-eabi/13.2.1/thumb/v7e-m+fp/hard\libm.a(libm_a-e_fmod.o)
                0x0800fb00                        . = ALIGN (0x4)

.ARM.extab      0x0800fb00        0x0
                0x0800fb00                        . = ALIGN (0x4)
 *(.ARM.extab* .gnu.linkonce.armextab.*)
                0x0800fb00                        . = ALIGN (0x4)

.ARM            0x0800fb00        0x8
                0x0800fb00                        . = ALIGN (0x4)
                0x0800fb00                        __exidx_start = .
 *(.ARM.exidx*)
 .ARM.exidx.text.__udivmoddi4
                0x0800fb00        0x8 C:/ProgramData/MATLAB/SupportPackages/R2025a/3P.instrset/gnuarm-armcortex.instrset/win/bin/../lib/gcc/arm-none-eabi/13.2.1/thumb/v7e-m+fp/hard\libgcc.a(_udivmoddi4.o)
                0x0800fb08                        __exidx_end = .
                0x0800fb08                        . = ALIGN (0x4)

.preinit_array  0x0800fb08        0x0
                0x0800fb08                        . = ALIGN (0x4)
                0x0800fb08                        PROVIDE (__preinit_array_start = .)
 *(.preinit_array*)
                0x0800fb08                        PROVIDE (__preinit_array_end = .)
                0x0800fb08                        . = ALIGN (0x4)

.init_array     0x0800fb08        0x4
                0x0800fb08                        . = ALIGN (0x4)
                0x0800fb08                        PROVIDE (__init_array_start = .)
 *(SORT_BY_NAME(.init_array.*))
 *(.init_array*)
 .init_array    0x0800fb08        0x4 C:/ProgramData/MATLAB/SupportPackages/R2025a/3P.instrset/gnuarm-armcortex.instrset/win/bin/../lib/gcc/arm-none-eabi/13.2.1/thumb/v7e-m+fp/hard/crtbegin.o
                0x0800fb0c                        PROVIDE (__init_array_end = .)
                0x0800fb0c                        . = ALIGN (0x4)

.fini_array     0x0800fb0c        0x4
                0x0800fb0c                        . = ALIGN (0x4)
                [!provide]                        PROVIDE (__fini_array_start = .)
 *(SORT_BY_NAME(.fini_array.*))
 *(.fini_array*)
 .fini_array    0x0800fb0c        0x4 C:/ProgramData/MATLAB/SupportPackages/R2025a/3P.instrset/gnuarm-armcortex.instrset/win/bin/../lib/gcc/arm-none-eabi/13.2.1/thumb/v7e-m+fp/hard/crtbegin.o
                [!provide]                        PROVIDE (__fini_array_end = .)
                0x0800fb10                        . = ALIGN (0x4)
                0x0800fb10                        _sidata = LOADADDR (.data)

.rel.dyn        0x0800fb10        0x0
 .rel.iplt      0x0800fb10        0x0 C:/ProgramData/MATLAB/SupportPackages/R2025a/3P.instrset/gnuarm-armcortex.instrset/win/bin/../lib/gcc/arm-none-eabi/13.2.1/thumb/v7e-m+fp/hard/crtbegin.o

.data           0x20000000       0xe4 load address 0x0800fb10
                0x20000000                        . = ALIGN (0x4)
                0x20000000                        _sdata = .
 *(.data)
 *(.data*)
 .data.xcpExtmodeFinalSimulationTime
                0x20000000        0x8 xcp_ext_common.c.o
                0x20000000                xcpExtmodeFinalSimulationTime
 .data.xcpClassicTriggerDuration
                0x20000008        0x4 xcp_ext_classic_trigger.c.o
                0x20000008                xcpClassicTriggerDuration
 .data.xcpClassicTriggerArmRequest
                0x2000000c        0x1 xcp_ext_classic_trigger.c.o
                0x2000000c                xcpClassicTriggerArmRequest
 *fill*         0x2000000d        0x3 
 .data.startStopDaqListId
                0x20000010        0x4 xcp_daq.c.o
 .data.xcpCurrentDaq
                0x20000014        0x4 xcp_daq.c.o
 .data.xcpEventCustomMemoryManager
                0x20000018        0xc xcp_daq.c.o
 .data.xcpCtoReservedMemPoolId
                0x20000024        0x4 xcp_transport.c.o
 .data.xcpMemMainBlockSizes
                0x20000028        0xc xcp_mem_default.c.o
 .data.xcpMemMainBlocksNumber
                0x20000034        0xc xcp_mem_default.c.o
 .data.drvID    0x20000040        0x4 xcp_drv_rtiostream.c.o
 .data.xcpCtoReservedMemPoolId
                0x20000044        0x4 xcp_frame_serial.c.o
 .data.uartObj  0x20000048       0x40 rtiostream_serial.c.o
                0x20000048                uartObj
 .data.uwTickPrio
                0x20000088        0x4 stm32g4xx_hal.c.o
                0x20000088                uwTickPrio
 .data.uwTickFreq
                0x2000008c        0x4 stm32g4xx_hal.c.o
                0x2000008c                uwTickFreq
 .data.SystemCoreClock
                0x20000090        0x4 system_stm32g4xx.c.o
                0x20000090                SystemCoreClock
 .data._impure_ptr
                0x20000094        0x4 C:/ProgramData/MATLAB/SupportPackages/R2025a/3P.instrset/gnuarm-armcortex.instrset/win/bin/../lib/gcc/arm-none-eabi/13.2.1/thumb/v7e-m+fp/hard\libg_nano.a(libc_a-impure.o)
                0x20000094                _impure_ptr
 .data._impure_data
                0x20000098       0x4c C:/ProgramData/MATLAB/SupportPackages/R2025a/3P.instrset/gnuarm-armcortex.instrset/win/bin/../lib/gcc/arm-none-eabi/13.2.1/thumb/v7e-m+fp/hard\libg_nano.a(libc_a-impure.o)
                0x20000098                _impure_data
 *(.RamFunc)
 *(.RamFunc*)
                0x200000e4                        . = ALIGN (0x4)
                0x200000e4                        _edata = .

.tm_clone_table
                0x200000e4        0x0 load address 0x0800fbf4
 .tm_clone_table
                0x200000e4        0x0 C:/ProgramData/MATLAB/SupportPackages/R2025a/3P.instrset/gnuarm-armcortex.instrset/win/bin/../lib/gcc/arm-none-eabi/13.2.1/thumb/v7e-m+fp/hard/crtbegin.o
 .tm_clone_table
                0x200000e4        0x0 C:/ProgramData/MATLAB/SupportPackages/R2025a/3P.instrset/gnuarm-armcortex.instrset/win/bin/../lib/gcc/arm-none-eabi/13.2.1/thumb/v7e-m+fp/hard/crtend.o

.igot.plt       0x200000e4        0x0 load address 0x0800fbf4
 .igot.plt      0x200000e4        0x0 C:/ProgramData/MATLAB/SupportPackages/R2025a/3P.instrset/gnuarm-armcortex.instrset/win/bin/../lib/gcc/arm-none-eabi/13.2.1/thumb/v7e-m+fp/hard/crtbegin.o
                0x200000e4                        . = ALIGN (0x4)

.bss            0x200000e8     0x14ec load address 0x0800fbf4
                0x200000e8                        _sbss = .
                0x200000e8                        __bss_start__ = _sbss
 *(.bss)
 *(.bss*)
 .bss.completed.1
                0x200000e8        0x1 C:/ProgramData/MATLAB/SupportPackages/R2025a/3P.instrset/gnuarm-armcortex.instrset/win/bin/../lib/gcc/arm-none-eabi/13.2.1/thumb/v7e-m+fp/hard/crtbegin.o
 *fill*         0x200000e9        0x3 
 .bss.object.0  0x200000ec       0x18 C:/ProgramData/MATLAB/SupportPackages/R2025a/3P.instrset/gnuarm-armcortex.instrset/win/bin/../lib/gcc/arm-none-eabi/13.2.1/thumb/v7e-m+fp/hard/crtbegin.o
 .bss.xcpCustomTriggerFunction
                0x20000104        0x8 xcp_ext_mode.c.o
 *fill*         0x2000010c        0x4 
 .bss.Encoder_reader_simulink_B
                0x20000110       0x28 Encoder_reader_simulink.c.o
                0x20000110                Encoder_reader_simulink_B
 .bss.Encoder_reader_simulink_DW
                0x20000138       0x40 Encoder_reader_simulink.c.o
                0x20000138                Encoder_reader_simulink_DW
 .bss.Encoder_reader_simulink_M_
                0x20000178       0x48 Encoder_reader_simulink.c.o
 .bss.rt_ExtModeInfo.2
                0x200001c0       0x14 Encoder_reader_simulink.c.o
 .bss.systemRan.1
                0x200001d4       0x14 Encoder_reader_simulink.c.o
 .bss.IsrOverrun
                0x200001e8        0x4 ert_main.c.o
                0x200001e8                IsrOverrun
 .bss.OverrunFlag
                0x200001ec        0x1 ert_main.c.o
 .bss.stopRequested
                0x200001ed        0x1 ert_main.c.o
                0x200001ed                stopRequested
 .bss.runModel  0x200001ee        0x1 ert_main.c.o
                0x200001ee                runModel
 .bss.xcpModelStartRequest
                0x200001ef        0x1 xcp_ext_common.c.o
                0x200001ef                xcpModelStartRequest
 .bss.xcpModelStopRequest
                0x200001f0        0x1 xcp_ext_common.c.o
                0x200001f0                xcpModelStopRequest
 .bss.xcpModelStatus
                0x200001f1        0x1 xcp_ext_common.c.o
                0x200001f1                xcpModelStatus
 *fill*         0x200001f2        0x2 
 .bss.xcpModelChecksum0
                0x200001f4        0x4 xcp_ext_common.c.o
                0x200001f4                xcpModelChecksum0
 .bss.xcpModelChecksum1
                0x200001f8        0x4 xcp_ext_common.c.o
                0x200001f8                xcpModelChecksum1
 .bss.xcpModelChecksum2
                0x200001fc        0x4 xcp_ext_common.c.o
                0x200001fc                xcpModelChecksum2
 .bss.xcpModelChecksum3
                0x20000200        0x4 xcp_ext_common.c.o
                0x20000200                xcpModelChecksum3
 .bss.xcpModelIntegerCode
                0x20000204        0x4 xcp_ext_common.c.o
                0x20000204                xcpModelIntegerCode
 .bss.xcpExtmodeSimulationComplete
                0x20000208        0x1 xcp_ext_common.c.o
                0x20000208                xcpExtmodeSimulationComplete
 *fill*         0x20000209        0x7 
 .bss.xcpDummyDoubleVariable
                0x20000210        0x8 xcp_ext_common.c.o
                0x20000210                xcpDummyDoubleVariable
 .bss.xcpDummyUint64Variable
                0x20000218        0x8 xcp_ext_common.c.o
                0x20000218                xcpDummyUint64Variable
 .bss.xcpCurrentSimulationTimeInMs
                0x20000220        0x8 xcp_ext_common.c.o
                0x20000220                xcpCurrentSimulationTimeInMs
 .bss.xcpBaseRateSimulationTime
                0x20000228        0x8 xcp_ext_common.c.o
 .bss.xcpClassicTriggerEventId
                0x20000230        0x2 xcp_ext_classic_trigger.c.o
                0x20000230                xcpClassicTriggerEventId
 *fill*         0x20000232        0x2 
 .bss.xcpClassicTriggerSignalAddress
                0x20000234        0x4 xcp_ext_classic_trigger.c.o
                0x20000234                xcpClassicTriggerSignalAddress
 .bss.xcpClassicTriggerSignalAddressExtension
                0x20000238        0x1 xcp_ext_classic_trigger.c.o
                0x20000238                xcpClassicTriggerSignalAddressExtension
 *fill*         0x20000239        0x7 
 .bss.xcpClassicTriggerLevel
                0x20000240        0x8 xcp_ext_classic_trigger.c.o
                0x20000240                xcpClassicTriggerLevel
 .bss.xcpClassicTriggerHoldOff
                0x20000248        0x4 xcp_ext_classic_trigger.c.o
                0x20000248                xcpClassicTriggerHoldOff
 .bss.xcpClassicTriggerDelay
                0x2000024c        0x4 xcp_ext_classic_trigger.c.o
                0x2000024c                xcpClassicTriggerDelay
 .bss.xcpClassicTriggerDirection
                0x20000250        0x1 xcp_ext_classic_trigger.c.o
                0x20000250                xcpClassicTriggerDirection
 .bss.xcpClassicTriggerCancelRequest
                0x20000251        0x1 xcp_ext_classic_trigger.c.o
                0x20000251                xcpClassicTriggerCancelRequest
 .bss.xcpClassicTriggerSource
                0x20000252        0x1 xcp_ext_classic_trigger.c.o
                0x20000252                xcpClassicTriggerSource
 .bss.xcpClassicTriggerMode
                0x20000253        0x1 xcp_ext_classic_trigger.c.o
                0x20000253                xcpClassicTriggerMode
 .bss.xcpClassicTriggerStatus
                0x20000254        0x1 xcp_ext_classic_trigger.c.o
                0x20000254                xcpClassicTriggerStatus
 *fill*         0x20000255        0x3 
 .bss.xcpOldSignalValue
                0x20000258        0x8 xcp_ext_classic_trigger.c.o
 .bss.xcpOldSignalValueAvailable
                0x20000260        0x1 xcp_ext_classic_trigger.c.o
 .bss.xcpOldClassicTriggerSource
                0x20000261        0x1 xcp_ext_classic_trigger.c.o
 .bss.xcpTriggerEnabled
                0x20000262        0x1 xcp_ext_classic_trigger.c.o
 .bss.xcpSignalTriggerFired
                0x20000263        0x1 xcp_ext_classic_trigger.c.o
 .bss.xcpTriggerCount
                0x20000264        0x4 xcp_ext_classic_trigger.c.o
 .bss.xcpForcedTriggerEnabled
                0x20000268        0x1 xcp_ext_classic_trigger.c.o
 .bss.xcpForceTriggerEnableRequest
                0x20000269        0x1 xcp_ext_classic_trigger.c.o
 .bss.initialized
                0x2000026a        0x1 xcp.c.o
 .bss.xcpStatus
                0x2000026b        0x1 xcp.c.o
 .bss.xcpSessionStatus
                0x2000026c        0x1 xcp.c.o
 .bss.xcpResourceProtectionStatus
                0x2000026d        0x1 xcp.c.o
 .bss.xcpSessionConfigurationId
                0x2000026e        0x2 xcp.c.o
 .bss.groupPacketLookup
                0x20000270       0x10 xcp.c.o
 .bss.xcpMta    0x20000280        0x8 xcp_standard.c.o
 .bss.xcpUploadSize
                0x20000288        0x1 xcp_standard.c.o
 *fill*         0x20000289        0x3 
 .bss.packetLookup
                0x2000028c        0x4 xcp_standard.c.o
 .bss.xcpDynamicDaqLists
                0x20000290        0x8 xcp_daq.c.o
 .bss.xcpRunningEventCounter
                0x20000298        0x4 xcp_daq.c.o
 .bss.daqLock   0x2000029c        0x4 xcp_daq.c.o
 .bss.packetLookup
                0x200002a0        0x4 xcp_daq.c.o
 .bss.packetLookup
                0x200002a4        0x4 xcp_calibration.c.o
 .bss.txFifo    0x200002a8       0x10 xcp_transport.c.o
 .bss.txLock    0x200002b8        0x4 xcp_transport.c.o
 .bss.rxFifo    0x200002bc        0x8 xcp_transport.c.o
 .bss.rxLock    0x200002c4        0x4 xcp_transport.c.o
 .bss.initialized
                0x200002c8        0x1 xcp_transport.c.o
 *fill*         0x200002c9        0x3 
 .bss.xcpMemPoolDescriptors
                0x200002cc       0xc0 xcp_mem_default.c.o
 .bss.xcpMemCustomPoolDescriptors
                0x2000038c        0x8 xcp_mem_default.c.o
 .bss.xcpMemMainChunk
                0x20000394      0x3e7 xcp_mem_default.c.o
 *fill*         0x2000077b        0x1 
 .bss.xcpMemReservedPoolsChunk
                0x2000077c      0x7c9 xcp_mem_default.c.o
 *fill*         0x20000f45        0x3 
 .bss.xcpMemReservedPoolsChunkUsedBytes
                0x20000f48        0x4 xcp_mem_default.c.o
 .bss.xcpMemLock
                0x20000f4c        0x4 xcp_mem_default.c.o
 .bss.forceBlocking
                0x20000f50        0x1 xcp_drv_rtiostream.c.o
 *fill*         0x20000f51        0x1 
 .bss.txCounter
                0x20000f52        0x2 xcp_frame_serial.c.o
 .bss.rxCounter
                0x20000f54        0x2 xcp_frame_serial.c.o
 *fill*         0x20000f56        0x2 
 .bss.firstRxCounterReceived
                0x20000f58        0x4 xcp_frame_serial.c.o
 .bss.initialized
                0x20000f5c        0x1 xcp_frame_serial.c.o
 *fill*         0x20000f5d        0x3 
 .bss.timestampInitialized
                0x20000f60        0x4 platform_timer.c.o
 .bss.timestampStartTime
                0x20000f64        0x4 platform_timer.c.o
 .bss.schdl_counter
                0x20000f68        0x4 SysTickScheduler.c.o
                0x20000f68                schdl_counter
 .bss.schdl_counter_max
                0x20000f6c        0x4 SysTickScheduler.c.o
                0x20000f6c                schdl_counter_max
 .bss.taskToSchedule
                0x20000f70        0x4 m3m4m4f_multitasking.c.o
                0x20000f70                taskToSchedule
 .bss.mw_ext_h  0x20000f74        0x4 rtiostream_serial.c.o
                0x20000f74                mw_ext_h
 .bss.UARTRxBuffer
                0x20000f78        0x4 rtiostream_serial.c.o
                0x20000f78                UARTRxBuffer
 .bss.mw_lpuart1
                0x20000f7c       0x40 stm_lpuart.c.o
                0x20000f7c                mw_lpuart1
 .bss.LPUART1ReceiveBuffer
                0x20000fbc      0x400 stm_lpuart.c.o
                0x20000fbc                LPUART1ReceiveBuffer
 .bss.htim2     0x200013bc       0x4c stm32g4xx_hal_timebase_tim.c.o
                0x200013bc                htim2
 .bss.uwTick    0x20001408        0x4 stm32g4xx_hal.c.o
                0x20001408                uwTick
 .bss.mw_tim1   0x2000140c       0x8c stm_timer_ll.c.o
                0x2000140c                mw_tim1
 .bss.firstIndexReceived.0
                0x20001498        0x1 stm_timer_ll.c.o
 *fill*         0x20001499        0x3 
 .bss.__sf      0x2000149c      0x138 C:/ProgramData/MATLAB/SupportPackages/R2025a/3P.instrset/gnuarm-armcortex.instrset/win/bin/../lib/gcc/arm-none-eabi/13.2.1/thumb/v7e-m+fp/hard\libg_nano.a(libc_a-findfp.o)
                0x2000149c                __sf
 *(COMMON)
                0x200015d4                        . = ALIGN (0x4)
                0x200015d4                        _ebss = .
                0x200015d4                        __bss_end__ = _ebss

._user_heap_stack
                0x200015d4      0x604 load address 0x0800fbf4
                0x200015d8                        . = ALIGN (0x8)
 *fill*         0x200015d4        0x4 
                [!provide]                        PROVIDE (end = .)
                0x200015d8                        PROVIDE (_end = .)
                0x200017d8                        . = (. + _Min_Heap_Size)
 *fill*         0x200015d8      0x200 
                0x20001bd8                        . = (. + _Min_Stack_Size)
 *fill*         0x200017d8      0x400 
                0x20001bd8                        . = ALIGN (0x8)

/DISCARD/
 libc.a(*)
 libm.a(*)
 libgcc.a(*)

.ARM.attributes
                0x00000000       0x30
 *(.ARM.attributes)
 .ARM.attributes
                0x00000000       0x22 C:/ProgramData/MATLAB/SupportPackages/R2025a/3P.instrset/gnuarm-armcortex.instrset/win/bin/../lib/gcc/arm-none-eabi/13.2.1/thumb/v7e-m+fp/hard/crti.o
 .ARM.attributes
                0x00000022       0x34 C:/ProgramData/MATLAB/SupportPackages/R2025a/3P.instrset/gnuarm-armcortex.instrset/win/bin/../lib/gcc/arm-none-eabi/13.2.1/thumb/v7e-m+fp/hard/crtbegin.o
 .ARM.attributes
                0x00000056       0x34 xcp_ext_mode.c.o
 .ARM.attributes
                0x0000008a       0x34 Encoder_reader_simulink.c.o
 .ARM.attributes
                0x000000be       0x34 ert_main.c.o
 .ARM.attributes
                0x000000f2       0x34 xcp_ext_common.c.o
 .ARM.attributes
                0x00000126       0x34 xcp_ext_classic_trigger.c.o
 .ARM.attributes
                0x0000015a       0x34 xcp.c.o
 .ARM.attributes
                0x0000018e       0x34 xcp_standard.c.o
 .ARM.attributes
                0x000001c2       0x34 xcp_daq.c.o
 .ARM.attributes
                0x000001f6       0x34 xcp_calibration.c.o
 .ARM.attributes
                0x0000022a       0x34 xcp_fifo.c.o
 .ARM.attributes
                0x0000025e       0x34 xcp_transport.c.o
 .ARM.attributes
                0x00000292       0x34 xcp_mem_default.c.o
 .ARM.attributes
                0x000002c6       0x34 xcp_drv_rtiostream.c.o
 .ARM.attributes
                0x000002fa       0x34 xcp_utils.c.o
 .ARM.attributes
                0x0000032e       0x34 xcp_frame_serial.c.o
 .ARM.attributes
                0x00000362       0x34 xcp_ext_param_default_serial.c.o
 .ARM.attributes
                0x00000396       0x34 overrideHALDelay.c.o
 .ARM.attributes
                0x000003ca       0x34 platform_timer.c.o
 .ARM.attributes
                0x000003fe       0x34 SysTickScheduler.c.o
 .ARM.attributes
                0x00000432       0x34 m3m4m4f_multitasking.c.o
 .ARM.attributes
                0x00000466       0x34 rtiostream_serial.c.o
 .ARM.attributes
                0x0000049a       0x34 stm_usart.c.o
 .ARM.attributes
                0x000004ce       0x34 stm_lpuart.c.o
 .ARM.attributes
                0x00000502       0x34 sys_arch_arm.c.o
 .ARM.attributes
                0x00000536       0x34 main.c.o
 .ARM.attributes
                0x0000056a       0x34 stm32g4xx_it.c.o
 .ARM.attributes